Component: ARM Compiler 5.05 update 1 (build 106) Tool: armlink [4d0efa]

==============================================================================

Section Cross References

    main.o(i.main) refers to gpio.o(i.GPIO_Configuration) for GPIO_Configuration
    main.o(i.main) refers to timer.o(i.TIM16_Configuration) for TIM16_Configuration
    main.o(i.main) refers to usart.o(i.Usart_Configuration) for Usart_Configuration
    main.o(i.main) refers to display.o(i.sInitDisplay) for sInitDisplay
    main.o(i.main) refers to iap_data.o(i.Iap_Status_Check) for Iap_Status_Check
    main.o(i.main) refers to modbus.o(i.MODBUS_Parsing) for MODBUS_Parsing
    main.o(i.main) refers to iap_data.o(i.Iap_Update) for Iap_Update
    main.o(i.main) refers to jump_to_app.o(i.Jump) for Jump
    main.o(i.main) refers to iap_data.o(.data) for Iap_Update_Req_Flag
    flash.o(i.Flash_Erase) refers to stm32f0xx_flash.o(i.FLASH_ClearFlag) for FLASH_ClearFlag
    flash.o(i.Flash_Erase) refers to stm32f0xx_flash.o(i.FLASH_Unlock) for FLASH_Unlock
    flash.o(i.Flash_Erase) refers to stm32f0xx_flash.o(i.FLASH_ErasePage) for FLASH_ErasePage
    flash.o(i.Flash_Update) refers to flash.o(.rev16_text) for __asm___7_Flash_c_f196f363____REV16
    flash.o(i.Flash_Update) refers to rt_memcpy.o(.text) for __aeabi_memcpy
    flash.o(i.Flash_Update) refers to rt_memcpy.o(.emb_text) for __aeabi_memcpy4
    flash.o(i.Flash_Update) refers to stm32f0xx_flash.o(i.FLASH_ProgramWord) for FLASH_ProgramWord
    flash.o(i.Flash_Update) refers to iap_data.o(.data) for PKG_Cnt
    flash.o(i.Flash_Update) refers to modbus.o(.bss) for Code_BUF
    usart.o(i.USART1_IRQHandler) refers to modbus.o(i.MODBUS_USART1_IRQHandler) for MODBUS_USART1_IRQHandler
    usart.o(i.Usart_Configuration) refers to stm32f0xx_rcc.o(i.RCC_AHBPeriphClockCmd) for RCC_AHBPeriphClockCmd
    usart.o(i.Usart_Configuration) refers to stm32f0xx_rcc.o(i.RCC_APB2PeriphClockCmd) for RCC_APB2PeriphClockCmd
    usart.o(i.Usart_Configuration) refers to stm32f0xx_gpio.o(i.GPIO_PinAFConfig) for GPIO_PinAFConfig
    usart.o(i.Usart_Configuration) refers to stm32f0xx_gpio.o(i.GPIO_Init) for GPIO_Init
    usart.o(i.Usart_Configuration) refers to stm32f0xx_misc.o(i.NVIC_Init) for NVIC_Init
    usart.o(i.Usart_Configuration) refers to stm32f0xx_usart.o(i.USART_Init) for USART_Init
    usart.o(i.Usart_Configuration) refers to stm32f0xx_usart.o(i.USART_Cmd) for USART_Cmd
    usart.o(i.Usart_Configuration) refers to stm32f0xx_usart.o(i.USART_ITConfig) for USART_ITConfig
    usart.o(i.Usart_Configuration) refers to stm32f0xx_usart.o(i.USART_ClearFlag) for USART_ClearFlag
    jump_to_app.o(i.Jump) refers to jump_to_app.o(.data) for .data
    iap_data.o(i.Iap_Status_Check) refers to iap_data.o(.data) for .data
    iap_data.o(i.Iap_Update) refers to iap_data.o(i.NVIC_SystemReset) for NVIC_SystemReset
    iap_data.o(i.Iap_Update) refers to flash.o(i.Flash_Erase) for Flash_Erase
    iap_data.o(i.Iap_Update) refers to flash.o(i.Flash_Update) for Flash_Update
    iap_data.o(i.Iap_Update) refers to check.o(i.crc16) for crc16
    iap_data.o(i.Iap_Update) refers to modbus.o(i.MODBUS_USARTSend) for MODBUS_USARTSend
    iap_data.o(i.Iap_Update) refers to stm32f0xx_flash.o(i.FLASH_ClearFlag) for FLASH_ClearFlag
    iap_data.o(i.Iap_Update) refers to stm32f0xx_flash.o(i.FLASH_Unlock) for FLASH_Unlock
    iap_data.o(i.Iap_Update) refers to stm32f0xx_flash.o(i.FLASH_ErasePage) for FLASH_ErasePage
    iap_data.o(i.Iap_Update) refers to stm32f0xx_flash.o(i.FLASH_ProgramWord) for FLASH_ProgramWord
    iap_data.o(i.Iap_Update) refers to stm32f0xx_flash.o(i.FLASH_Lock) for FLASH_Lock
    iap_data.o(i.Iap_Update) refers to iap_data.o(.data) for .data
    iap_data.o(i.Iap_Update) refers to timer.o(.data) for Cnt_1ms
    iap_data.o(i.Iap_Update) refers to modbus.o(.data) for Code_Update_Flag
    iap_data.o(i.Iap_Update) refers to modbus.o(.bss) for Send_BUF
    iap_data.o(.constdata) refers to iap_data.o(.data) for IAP_Enable
    iap_data.o(.constdata) refers to iap_data.o(.data) for Reserved
    iap_data.o(.constdata) refers to iap_data.o(.data) for IAP_Baud
    iap_data.o(.constdata) refers to iap_data.o(.data) for MCU_Model
    iap_data.o(.constdata) refers to iap_data.o(.bss) for Software_Version
    iap_data.o(.constdata) refers to iap_data.o(.data) for File_Check_Val
    iap_data.o(.constdata) refers to iap_data.o(.data) for File_Length
    modbus.o(i.MODBUS_Parsing) refers to check.o(i.crc16) for crc16
    modbus.o(i.MODBUS_Parsing) refers to modbus.o(i.Read_03_Handle) for Read_03_Handle
    modbus.o(i.MODBUS_Parsing) refers to modbus.o(i.Write_10_Handle) for Write_10_Handle
    modbus.o(i.MODBUS_Parsing) refers to rt_memcpy.o(.text) for __aeabi_memcpy
    modbus.o(i.MODBUS_Parsing) refers to modbus.o(i.MODBUS_USARTSend) for MODBUS_USARTSend
    modbus.o(i.MODBUS_Parsing) refers to modbus.o(.data) for .data
    modbus.o(i.MODBUS_Parsing) refers to timer.o(.data) for Cnt_1ms_T
[...]
    libinit.o(.ARM.Collect$$libinit$$00000000) refers (Special) to libinit2.o(.ARM.Collect$$libinit$$00000017) for __rt_lib_init_lc_numeric_1
    libinit.o(.ARM.Collect$$libinit$$00000000) refers (Special) to libinit2.o(.ARM.Collect$$libinit$$00000019) for __rt_lib_init_lc_time_1
    libinit.o(.ARM.Collect$$libinit$$00000000) refers (Special) to libinit2.o(.ARM.Collect$$libinit$$00000004) for __rt_lib_init_preinit_1
    libinit.o(.ARM.Collect$$libinit$$00000000) refers (Special) to libinit2.o(.ARM.Collect$$libinit$$0000000E) for __rt_lib_init_rand_1
    libinit.o(.ARM.Collect$$libinit$$00000000) refers (Special) to libinit2.o(.ARM.Collect$$libinit$$00000033) for __rt_lib_init_return
    libinit.o(.ARM.Collect$$libinit$$00000000) refers (Special) to libinit2.o(.ARM.Collect$$libinit$$0000001D) for __rt_lib_init_signal_1
    libinit.o(.ARM.Collect$$libinit$$00000000) refers (Special) to libinit2.o(.ARM.Collect$$libinit$$00000025) for __rt_lib_init_stdio_1
    libinit.o(.ARM.Collect$$libinit$$00000000) refers (Special) to libinit2.o(.ARM.Collect$$libinit$$0000000C) for __rt_lib_init_user_alloc_1
    libspace.o(.text) refers to libspace.o(.bss) for __libspace_start
    rtexit.o(.ARM.Collect$$rtexit$$00000000) refers (Special) to rtexit2.o(.ARM.Collect$$rtexit$$00000004) for __rt_exit_exit
    rtexit.o(.ARM.Collect$$rtexit$$00000000) refers (Special) to rtexit2.o(.ARM.Collect$$rtexit$$00000003) for __rt_exit_ls
    rtexit.o(.ARM.Collect$$rtexit$$00000000) refers (Special) to rtexit2.o(.ARM.Collect$$rtexit$$00000002) for __rt_exit_prels_1
    rtexit.o(.ARM.exidx) refers (Special) to rtexit2.o(.ARM.Collect$$rtexit$$00000004) for __rt_exit_exit
    rtexit.o(.ARM.exidx) refers (Special) to rtexit2.o(.ARM.Collect$$rtexit$$00000003) for __rt_exit_ls
    rtexit.o(.ARM.exidx) refers (Special) to rtexit2.o(.ARM.Collect$$rtexit$$00000002) for __rt_exit_prels_1
    rtexit.o(.ARM.exidx) refers to rtexit.o(.ARM.Collect$$rtexit$$00000000) for .ARM.Collect$$rtexit$$00000000
    rt_raise.o(.text) refers to __raise.o(.text) for __raise
    rt_raise.o(.text) refers to sys_exit.o(.text) for _sys_exit
    defsig_exit.o(.text) refers to sys_exit.o(.text) for _sys_exit
    defsig_fpe_inner.o(.text) refers to defsig_general.o(.text) for __default_signal_display
    libinit2.o(.ARM.Collect$$libinit$$00000010) refers to libinit2.o(.ARM.Collect$$libinit$$0000000F) for .ARM.Collect$$libinit$$0000000F
    libinit2.o(.ARM.Collect$$libinit$$00000012) refers to libinit2.o(.ARM.Collect$$libinit$$0000000F) for .ARM.Collect$$libinit$$0000000F
    libinit2.o(.ARM.Collect$$libinit$$00000014) refers to libinit2.o(.ARM.Collect$$libinit$$0000000F) for .ARM.Collect$$libinit$$0000000F
    libinit2.o(.ARM.Collect$$libinit$$00000016) refers to libinit2.o(.ARM.Collect$$libinit$$0000000F) for .ARM.Collect$$libinit$$0000000F
    libinit2.o(.ARM.Collect$$libinit$$00000018) refers to libinit2.o(.ARM.Collect$$libinit$$0000000F) for .ARM.Collect$$libinit$$0000000F
    libinit2.o(.ARM.Collect$$libinit$$00000026) refers to argv_veneer.o(.text) for __ARM_argv_veneer
    libinit2.o(.ARM.Collect$$libinit$$00000027) refers to argv_veneer.o(.text) for __ARM_argv_veneer
    sys_exit.o(.text) refers (Special) to use_no_semi.o(.text) for __I$use$semihosting
    sys_exit.o(.text) refers (Special) to indicate_semi.o(.text) for __semihosting_library_function
    rtexit2.o(.ARM.Collect$$rtexit$$00000003) refers to libshutdown.o(.ARM.Collect$$libshutdown$$00000000) for __rt_lib_shutdown
    rtexit2.o(.ARM.Collect$$rtexit$$00000004) refers to sys_exit.o(.text) for _sys_exit
    rtexit2.o(.ARM.exidx) refers to rtexit2.o(.ARM.Collect$$rtexit$$00000001) for .ARM.Collect$$rtexit$$00000001
    rtexit2.o(.ARM.exidx) refers to rtexit2.o(.ARM.Collect$$rtexit$$00000003) for .ARM.Collect$$rtexit$$00000003
    rtexit2.o(.ARM.exidx) refers to rtexit2.o(.ARM.Collect$$rtexit$$00000004) for .ARM.Collect$$rtexit$$00000004
    __raise.o(.text) refers to defsig.o(CL$$defsig) for __default_signal_handler
    defsig_general.o(.text) refers to sys_wrch.o(.text) for _ttywrch
    sys_wrch.o(.text) refers (Special) to use_no_semi.o(.text) for __I$use$semihosting
    sys_wrch.o(.text) refers (Special) to indicate_semi.o(.text) for __semihosting_library_function
    defsig.o(CL$$defsig) refers to defsig_fpe_inner.o(.text) for __rt_SIGFPE_inner
    defsig.o(CL$$defsig) refers to defsig_rtmem_inner.o(.text) for __rt_SIGRTMEM_inner
    _get_argv_nomalloc.o(.text) refers (Special) to hrguard.o(.text) for __heap_region$guard
    _get_argv_nomalloc.o(.text) refers to defsig_rtmem_outer.o(.text) for __rt_SIGRTMEM
    _get_argv_nomalloc.o(.text) refers to sys_command.o(.text) for _sys_command_string
    libshutdown.o(.ARM.Collect$$libshutdown$$00000000) refers (Special) to libshutdown2.o(.ARM.Collect$$libshutdown$$00000006) for __rt_lib_shutdown_fp_trap_1
    libshutdown.o(.ARM.Collect$$libshutdown$$00000000) refers (Special) to libshutdown2.o(.ARM.Collect$$libshutdown$$0000000E) for __rt_lib_shutdown_heap_1
    libshutdown.o(.ARM.Collect$$libshutdown$$00000000) refers (Special) to libshutdown2.o(.ARM.Collect$$libshutdown$$0000000F) for __rt_lib_shutdown_return
    libshutdown.o(.ARM.Collect$$libshutdown$$00000000) refers (Special) to libshutdown2.o(.ARM.Collect$$libshutdown$$00000009) for __rt_lib_shutdown_signal_1
    libshutdown.o(.ARM.Collect$$libshutdown$$00000000) refers (Special) to libshutdown2.o(.ARM.Collect$$libshutdown$$00000003) for __rt_lib_shutdown_stdio_1
    libshutdown.o(.ARM.Collect$$libshutdown$$00000000) refers (Special) to libshutdown2.o(.ARM.Collect$$libshutdown$$0000000B) for __rt_lib_shutdown_user_alloc_1
    sys_command.o(.text) refers (Special) to use_no_semi.o(.text) for __I$use$semihosting
    sys_command.o(.text) refers (Special) to indicate_semi.o(.text) for __semihosting_library_function
    defsig_abrt_inner.o(.text) refers to defsig_general.o(.text) for __default_signal_display
    defsig_rtred_inner.o(.text) refers to defsig_general.o(.text) for __default_signal_display
    defsig_rtmem_inner.o(.text) refers to defsig_general.o(.text) for __default_signal_display
    defsig_rtmem_outer.o(.text) refers to defsig_rtmem_inner.o(.text) for __rt_SIGRTMEM_inner
    defsig_rtmem_outer.o(.text) refers to defsig_exit.o(.text) for __sig_exit
    defsig_rtmem_formal.o(.text) refers to rt_raise.o(.text) for __rt_raise
    defsig_stak_inner.o(.text) refers to defsig_general.o(.text) for __default_signal_display
    defsig_pvfn_inner.o(.text) refers to defsig_general.o(.text) for __default_signal_display
    defsig_cppl_inner.o(.text) refers to defsig_general.o(.text) for __default_signal_display
    defsig_segv_inner.o(.text) refers to defsig_general.o(.text) for __default_signal_display
    defsig_other.o(.text) refers to defsig_general.o(.text) for __default_signal_display


==============================================================================

Removing Unused input sections from the image.

    Removing main.o(.rev16_text), (4 bytes).
    Removing main.o(.revsh_text), (4 bytes).
    Removing flash.o(.revsh_text), (4 bytes).
    Removing usart.o(.rev16_text), (4 bytes).
    Removing usart.o(.revsh_text), (4 bytes).
    Removing jump_to_app.o(.rev16_text), (4 bytes).
    Removing jump_to_app.o(.revsh_text), (4 bytes).
    Removing check.o(.rev16_text), (4 bytes).
    Removing check.o(.revsh_text), (4 bytes).
    Removing iap_data.o(.rev16_text), (4 bytes).
    Removing iap_data.o(.revsh_text), (4 bytes).
    Removing iap_data.o(.data), (1 bytes).
    Removing modbus.o(.revsh_text), (4 bytes).
    Removing gpio.o(.rev16_text), (4 bytes).
    Removing gpio.o(.revsh_text), (4 bytes).
    Removing timer.o(.rev16_text), (4 bytes).
    Removing timer.o(.revsh_text), (4 bytes).
    Removing display.o(.rev16_text), (4 bytes).
    Removing display.o(.revsh_text), (4 bytes).
    Removing config.o(.rev16_text), (4 bytes).
    Removing config.o(.revsh_text), (4 bytes).
    Removing stm32f0xx_rcc.o(.rev16_text), (4 bytes).
    Removing stm32f0xx_rcc.o(.revsh_text), (4 bytes).
    Removing stm32f0xx_rcc.o(i.RCC_ADCCLKConfig), (44 bytes).
    Removing stm32f0xx_rcc.o(i.RCC_AHBPeriphResetCmd), (28 bytes).
    Removing stm32f0xx_rcc.o(i.RCC_APB1PeriphClockCmd), (28 bytes).
    Removing stm32f0xx_rcc.o(i.RCC_AdjustHSI14CalibrationValue), (20 bytes).
    Removing stm32f0xx_rcc.o(i.RCC_AdjustHSICalibrationValue), (20 bytes).
    Removing stm32f0xx_rcc.o(i.RCC_BackupResetCmd), (32 bytes).
    Removing stm32f0xx_rcc.o(i.RCC_CECCLKConfig), (24 bytes).
    Removing stm32f0xx_rcc.o(i.RCC_ClearFlag), (20 bytes).
    Removing stm32f0xx_rcc.o(i.RCC_ClearITPendingBit), (12 bytes).
    Removing stm32f0xx_rcc.o(i.RCC_ClockSecuritySystemCmd), (32 bytes).
    Removing stm32f0xx_rcc.o(i.RCC_DeInit), (92 bytes).
    Removing stm32f0xx_rcc.o(i.RCC_GetFlagStatus), (56 bytes).
    Removing stm32f0xx_rcc.o(i.RCC_GetITStatus), (20 bytes).
    Removing stm32f0xx_rcc.o(i.RCC_GetSYSCLKSource), (16 bytes).
    Removing stm32f0xx_rcc.o(i.RCC_HCLKConfig), (20 bytes).
    Removing stm32f0xx_rcc.o(i.RCC_HSEConfig), (16 bytes).
    Removing stm32f0xx_rcc.o(i.RCC_HSI14ADCRequestCmd), (28 bytes).
    Removing stm32f0xx_rcc.o(i.RCC_HSI14Cmd), (32 bytes).
    Removing stm32f0xx_rcc.o(i.RCC_HSI48Cmd), (32 bytes).
    Removing stm32f0xx_rcc.o(i.RCC_HSICmd), (32 bytes).
    Removing stm32f0xx_rcc.o(i.RCC_I2CCLKConfig), (24 bytes).
    Removing stm32f0xx_rcc.o(i.RCC_ITConfig), (28 bytes).
    Removing stm32f0xx_rcc.o(i.RCC_LSEConfig), (32 bytes).
    Removing stm32f0xx_rcc.o(i.RCC_LSEDriveConfig), (24 bytes).
    Removing stm32f0xx_rcc.o(i.RCC_LSICmd), (32 bytes).
    Removing stm32f0xx_rcc.o(i.RCC_MCOConfig), (24 bytes).
    Removing stm32f0xx_rcc.o(i.RCC_PCLKConfig), (20 bytes).
    Removing stm32f0xx_rcc.o(i.RCC_PLLCmd), (32 bytes).
    Removing stm32f0xx_rcc.o(i.RCC_PLLConfig), (28 bytes).
    Removing stm32f0xx_rcc.o(i.RCC_PREDIV1Config), (20 bytes).
    Removing stm32f0xx_rcc.o(i.RCC_RTCCLKCmd), (32 bytes).
    Removing stm32f0xx_rcc.o(i.RCC_RTCCLKConfig), (16 bytes).
    Removing stm32f0xx_rcc.o(i.RCC_SYSCLKConfig), (20 bytes).
    Removing stm32f0xx_rcc.o(i.RCC_USARTCLKConfig), (56 bytes).
    Removing stm32f0xx_rcc.o(i.RCC_USBCLKConfig), (24 bytes).
    Removing stm32f0xx_rcc.o(i.RCC_WaitForHSEStartUp), (50 bytes).
    Removing stm32f0xx_rcc.o(i.sSetAPBAHBPrescTable), (60 bytes).
    Removing stm32f0xx_usart.o(.rev16_text), (4 bytes).
    Removing stm32f0xx_usart.o(.revsh_text), (4 bytes).
    Removing stm32f0xx_usart.o(i.USART_AddressDetectionConfig), (16 bytes).
    Removing stm32f0xx_usart.o(i.USART_AutoBaudRateCmd), (24 bytes).
    Removing stm32f0xx_usart.o(i.USART_AutoBaudRateConfig), (18 bytes).
    Removing stm32f0xx_usart.o(i.USART_ClockInit), (30 bytes).
    Removing stm32f0xx_usart.o(i.USART_ClockStructInit), (12 bytes).
    Removing stm32f0xx_usart.o(i.USART_DECmd), (24 bytes).
    Removing stm32f0xx_usart.o(i.USART_DEPolarityConfig), (18 bytes).
    Removing stm32f0xx_usart.o(i.USART_DMACmd), (20 bytes).
    Removing stm32f0xx_usart.o(i.USART_DMAReceptionErrorConfig), (18 bytes).
    Removing stm32f0xx_usart.o(i.USART_DataInvCmd), (24 bytes).
    Removing stm32f0xx_usart.o(i.USART_DeInit), (236 bytes).
    Removing stm32f0xx_usart.o(i.USART_DirectionModeCmd), (20 bytes).
    Removing stm32f0xx_usart.o(i.USART_HalfDuplexCmd), (22 bytes).
    Removing stm32f0xx_usart.o(i.USART_InvPinCmd), (20 bytes).
    Removing stm32f0xx_usart.o(i.USART_IrDACmd), (22 bytes).
    Removing stm32f0xx_usart.o(i.USART_IrDAConfig), (16 bytes).
    Removing stm32f0xx_usart.o(i.USART_LINBreakDetectLengthConfig), (16 bytes).
    Removing stm32f0xx_usart.o(i.USART_LINCmd), (24 bytes).
    Removing stm32f0xx_usart.o(i.USART_MSBFirstCmd), (24 bytes).
    Removing stm32f0xx_usart.o(i.USART_MuteModeCmd), (24 bytes).
    Removing stm32f0xx_usart.o(i.USART_MuteModeWakeUpConfig), (18 bytes).
    Removing stm32f0xx_usart.o(i.USART_OneBitMethodCmd), (24 bytes).
    Removing stm32f0xx_usart.o(i.USART_OverSampling8Cmd), (24 bytes).
    Removing stm32f0xx_usart.o(i.USART_OverrunDetectionConfig), (18 bytes).
    Removing stm32f0xx_usart.o(i.USART_ReceiverTimeOutCmd), (24 bytes).
    Removing stm32f0xx_usart.o(i.USART_RequestCmd), (20 bytes).
    Removing stm32f0xx_usart.o(i.USART_STOPModeCmd), (22 bytes).
    Removing stm32f0xx_usart.o(i.USART_SWAPPinCmd), (24 bytes).
    Removing stm32f0xx_usart.o(i.USART_SetAddress), (18 bytes).
    Removing stm32f0xx_usart.o(i.USART_SetAutoRetryCount), (20 bytes).
    Removing stm32f0xx_usart.o(i.USART_SetBlockLength), (18 bytes).
    Removing stm32f0xx_usart.o(i.USART_SetDEAssertionTime), (20 bytes).
    Removing stm32f0xx_usart.o(i.USART_SetDEDeassertionTime), (20 bytes).
    Removing stm32f0xx_usart.o(i.USART_SetGuardTime), (16 bytes).
    Removing stm32f0xx_usart.o(i.USART_SetPrescaler), (16 bytes).
    Removing stm32f0xx_usart.o(i.USART_SetReceiverTimeOut), (16 bytes).
    Removing stm32f0xx_usart.o(i.USART_SmartCardCmd), (22 bytes).
    Removing stm32f0xx_usart.o(i.USART_SmartCardNACKCmd), (22 bytes).
    Removing stm32f0xx_usart.o(i.USART_StopModeWakeUpSourceConfig), (18 bytes).
    Removing stm32f0xx_usart.o(i.USART_StructInit), (22 bytes).
    Removing stm32f0xx_tim.o(.rev16_text), (4 bytes).
    Removing stm32f0xx_tim.o(.revsh_text), (4 bytes).
    Removing stm32f0xx_tim.o(i.TI1_Config), (40 bytes).
    Removing stm32f0xx_tim.o(i.TI2_Config), (48 bytes).
    Removing stm32f0xx_tim.o(i.TI3_Config), (52 bytes).
    Removing stm32f0xx_tim.o(i.TI4_Config), (60 bytes).
    Removing stm32f0xx_tim.o(i.TIM_ARRPreloadConfig), (22 bytes).
    Removing stm32f0xx_tim.o(i.TIM_BDTRConfig), (34 bytes).
    Removing stm32f0xx_tim.o(i.TIM_BDTRStructInit), (18 bytes).
    Removing stm32f0xx_tim.o(i.TIM_CCPreloadControl), (24 bytes).
    Removing stm32f0xx_tim.o(i.TIM_CCxCmd), (22 bytes).
    Removing stm32f0xx_tim.o(i.TIM_CCxNCmd), (22 bytes).
    Removing stm32f0xx_tim.o(i.TIM_ClearOC1Ref), (12 bytes).
    Removing stm32f0xx_tim.o(i.TIM_ClearOC2Ref), (14 bytes).
    Removing stm32f0xx_tim.o(i.TIM_ClearOC3Ref), (12 bytes).
    Removing stm32f0xx_tim.o(i.TIM_ClearOC4Ref), (14 bytes).
    Removing stm32f0xx_tim.o(i.TIM_CounterModeConfig), (12 bytes).
    Removing stm32f0xx_tim.o(i.TIM_CtrlPWMOutputs), (28 bytes).
    Removing stm32f0xx_tim.o(i.TIM_DMACmd), (20 bytes).
    Removing stm32f0xx_tim.o(i.TIM_DMAConfig), (8 bytes).
    Removing stm32f0xx_tim.o(i.TIM_ETRClockMode1Config), (30 bytes).
    Removing stm32f0xx_tim.o(i.TIM_ETRClockMode2Config), (22 bytes).
    Removing stm32f0xx_tim.o(i.TIM_ETRConfig), (18 bytes).
    Removing stm32f0xx_tim.o(i.TIM_EncoderInterfaceConfig), (48 bytes).
    Removing stm32f0xx_tim.o(i.TIM_ForcedOC1Config), (12 bytes).
    Removing stm32f0xx_tim.o(i.TIM_ForcedOC2Config), (20 bytes).
    Removing stm32f0xx_tim.o(i.TIM_ForcedOC3Config), (12 bytes).
    Removing stm32f0xx_tim.o(i.TIM_ForcedOC4Config), (20 bytes).
    Removing stm32f0xx_tim.o(i.TIM_GenerateEvent), (4 bytes).
    Removing stm32f0xx_tim.o(i.TIM_GetCapture1), (4 bytes).
    Removing stm32f0xx_tim.o(i.TIM_GetCapture2), (4 bytes).
    Removing stm32f0xx_tim.o(i.TIM_GetCapture3), (4 bytes).
    Removing stm32f0xx_tim.o(i.TIM_GetCapture4), (4 bytes).
    Removing stm32f0xx_tim.o(i.TIM_GetCounter), (4 bytes).
    Removing stm32f0xx_tim.o(i.TIM_GetFlagStatus), (14 bytes).
    Removing stm32f0xx_tim.o(i.TIM_GetPrescaler), (4 bytes).
    Removing stm32f0xx_tim.o(i.TIM_ICInit), (90 bytes).
    Removing stm32f0xx_tim.o(i.TIM_ICStructInit), (16 bytes).
    Removing stm32f0xx_tim.o(i.TIM_ITRxExternalClockConfig), (20 bytes).
    Removing stm32f0xx_tim.o(i.TIM_InternalClockConfig), (10 bytes).
    Removing stm32f0xx_tim.o(i.TIM_OC1FastConfig), (12 bytes).
    Removing stm32f0xx_tim.o(i.TIM_OC1Init), (132 bytes).
    Removing stm32f0xx_tim.o(i.TIM_OC1NPolarityConfig), (12 bytes).
    Removing stm32f0xx_tim.o(i.TIM_OC1PolarityConfig), (12 bytes).
    Removing stm32f0xx_tim.o(i.TIM_OC1PreloadConfig), (12 bytes).
    Removing stm32f0xx_tim.o(i.TIM_OC2FastConfig), (20 bytes).
    Removing stm32f0xx_tim.o(i.TIM_OC2Init), (152 bytes).
    Removing stm32f0xx_tim.o(i.TIM_OC2NPolarityConfig), (14 bytes).
    Removing stm32f0xx_tim.o(i.TIM_OC2PolarityConfig), (14 bytes).
    Removing stm32f0xx_tim.o(i.TIM_OC2PreloadConfig), (20 bytes).
    Removing stm32f0xx_tim.o(i.TIM_OC3FastConfig), (12 bytes).
    Removing stm32f0xx_tim.o(i.TIM_OC3Init), (144 bytes).
    Removing stm32f0xx_tim.o(i.TIM_OC3NPolarityConfig), (20 bytes).
    Removing stm32f0xx_tim.o(i.TIM_OC3PolarityConfig), (20 bytes).
    Removing stm32f0xx_tim.o(i.TIM_OC3PreloadConfig), (12 bytes).
    Removing stm32f0xx_tim.o(i.TIM_OC4FastConfig), (20 bytes).
    Removing stm32f0xx_tim.o(i.TIM_OC4Init), (108 bytes).
    Removing stm32f0xx_tim.o(i.TIM_OC4PolarityConfig), (20 bytes).
    Removing stm32f0xx_tim.o(i.TIM_OC4PreloadConfig), (20 bytes).
    Removing stm32f0xx_tim.o(i.TIM_OCStructInit), (20 bytes).
    Removing stm32f0xx_tim.o(i.TIM_PWMIConfig), (106 bytes).
    Removing stm32f0xx_tim.o(i.TIM_PrescalerConfig), (6 bytes).
    Removing stm32f0xx_tim.o(i.TIM_RemapConfig), (6 bytes).
    Removing stm32f0xx_tim.o(i.TIM_SelectCCDMA), (22 bytes).
    Removing stm32f0xx_tim.o(i.TIM_SelectCOM), (22 bytes).
    Removing stm32f0xx_tim.o(i.TIM_SelectHallSensor), (22 bytes).
    Removing stm32f0xx_tim.o(i.TIM_SelectInputTrigger), (12 bytes).
    Removing stm32f0xx_tim.o(i.TIM_SelectMasterSlaveMode), (16 bytes).
    Removing stm32f0xx_tim.o(i.TIM_SelectOCREFClear), (16 bytes).
    Removing stm32f0xx_tim.o(i.TIM_SelectOCxM), (74 bytes).
    Removing stm32f0xx_tim.o(i.TIM_SelectOnePulseMode), (16 bytes).
    Removing stm32f0xx_tim.o(i.TIM_SelectOutputTrigger), (16 bytes).
    Removing stm32f0xx_tim.o(i.TIM_SelectSlaveMode), (16 bytes).
    Removing stm32f0xx_tim.o(i.TIM_SetAutoreload), (4 bytes).
    Removing stm32f0xx_tim.o(i.TIM_SetClockDivision), (20 bytes).
    Removing stm32f0xx_tim.o(i.TIM_SetCompare1), (4 bytes).
    Removing stm32f0xx_tim.o(i.TIM_SetCompare2), (4 bytes).
    Removing stm32f0xx_tim.o(i.TIM_SetCompare3), (4 bytes).
    Removing stm32f0xx_tim.o(i.TIM_SetCompare4), (4 bytes).
    Removing stm32f0xx_tim.o(i.TIM_SetCounter), (4 bytes).
    Removing stm32f0xx_tim.o(i.TIM_SetIC1Prescaler), (16 bytes).
    Removing stm32f0xx_tim.o(i.TIM_SetIC2Prescaler), (24 bytes).
    Removing stm32f0xx_tim.o(i.TIM_SetIC3Prescaler), (16 bytes).
    Removing stm32f0xx_tim.o(i.TIM_SetIC4Prescaler), (24 bytes).
    Removing stm32f0xx_tim.o(i.TIM_TIxExternalClockConfig), (48 bytes).
    Removing stm32f0xx_tim.o(i.TIM_UpdateDisableConfig), (22 bytes).
    Removing stm32f0xx_tim.o(i.TIM_UpdateRequestConfig), (22 bytes).
    Removing system_stm32f0xx.o(.rev16_text), (4 bytes).
    Removing system_stm32f0xx.o(.revsh_text), (4 bytes).
    Removing system_stm32f0xx.o(i.SystemCoreClockUpdate), (124 bytes).
    Removing system_stm32f0xx.o(i.sInitSystemClock), (72 bytes).
    Removing system_stm32f0xx.o(.data), (20 bytes).
    Removing stm32f0xx_gpio.o(.rev16_text), (4 bytes).
    Removing stm32f0xx_gpio.o(.revsh_text), (4 bytes).
    Removing stm32f0xx_gpio.o(i.GPIO_DeInit), (180 bytes).
    Removing stm32f0xx_gpio.o(i.GPIO_PinLockConfig), (28 bytes).
    Removing stm32f0xx_gpio.o(i.GPIO_ReadInputDataBit), (14 bytes).
    Removing stm32f0xx_gpio.o(i.GPIO_ReadOutputData), (4 bytes).
    Removing stm32f0xx_gpio.o(i.GPIO_ReadOutputDataBit), (14 bytes).
    Removing stm32f0xx_gpio.o(i.GPIO_StructInit), (24 bytes).
    Removing stm32f0xx_gpio.o(i.GPIO_Write), (4 bytes).
    Removing stm32f0xx_gpio.o(i.GPIO_WriteBit), (12 bytes).
    Removing stm32f0xx_flash.o(.rev16_text), (4 bytes).
    Removing stm32f0xx_flash.o(.revsh_text), (4 bytes).
    Removing stm32f0xx_flash.o(i.FLASH_EraseAllPages), (52 bytes).
    Removing stm32f0xx_flash.o(i.FLASH_GetFlagStatus), (20 bytes).
    Removing stm32f0xx_flash.o(i.FLASH_GetPrefetchBufferStatus), (20 bytes).
    Removing stm32f0xx_flash.o(i.FLASH_ITConfig), (28 bytes).
    Removing stm32f0xx_flash.o(i.FLASH_OB_BOOT0Config), (64 bytes).
    Removing stm32f0xx_flash.o(i.FLASH_OB_BOOT0SWConfig), (64 bytes).
    Removing stm32f0xx_flash.o(i.FLASH_OB_BOOTConfig), (64 bytes).
    Removing stm32f0xx_flash.o(i.FLASH_OB_EnableWRP), (140 bytes).
    Removing stm32f0xx_flash.o(i.FLASH_OB_Erase), (116 bytes).
    Removing stm32f0xx_flash.o(i.FLASH_OB_GetRDP), (20 bytes).
    Removing stm32f0xx_flash.o(i.FLASH_OB_GetUser), (16 bytes).
    Removing stm32f0xx_flash.o(i.FLASH_OB_GetWRP), (12 bytes).
    Removing stm32f0xx_flash.o(i.FLASH_OB_Launch), (20 bytes).
    Removing stm32f0xx_flash.o(i.FLASH_OB_Lock), (16 bytes).
    Removing stm32f0xx_flash.o(i.FLASH_OB_ProgramData), (56 bytes).
    Removing stm32f0xx_flash.o(i.FLASH_OB_RDPConfig), (104 bytes).
    Removing stm32f0xx_flash.o(i.FLASH_OB_SRAMParityConfig), (64 bytes).
    Removing stm32f0xx_flash.o(i.FLASH_OB_Unlock), (32 bytes).
    Removing stm32f0xx_flash.o(i.FLASH_OB_UserConfig), (72 bytes).
    Removing stm32f0xx_flash.o(i.FLASH_OB_VDDAConfig), (64 bytes).
    Removing stm32f0xx_flash.o(i.FLASH_OB_WriteUser), (60 bytes).
    Removing stm32f0xx_flash.o(i.FLASH_PrefetchBufferCmd), (28 bytes).
    Removing stm32f0xx_flash.o(i.FLASH_ProgramHalfWord), (52 bytes).
    Removing stm32f0xx_flash.o(i.FLASH_SetLatency), (20 bytes).
    Removing stm32f0xx_misc.o(.rev16_text), (4 bytes).
    Removing stm32f0xx_misc.o(.revsh_text), (4 bytes).
    Removing stm32f0xx_misc.o(i.NVIC_SystemLPConfig), (28 bytes).
    Removing stm32f0xx_misc.o(i.SysTick_CLKSourceConfig), (28 bytes).
    Removing stm32f0xx_syscfg.o(.rev16_text), (4 bytes).
    Removing stm32f0xx_syscfg.o(.revsh_text), (4 bytes).
    Removing stm32f0xx_syscfg.o(i.SYSCFG_BreakConfig), (16 bytes).
    Removing stm32f0xx_syscfg.o(i.SYSCFG_ClearFlag), (16 bytes).
    Removing stm32f0xx_syscfg.o(i.SYSCFG_DMAChannelRemapConfig), (28 bytes).
    Removing stm32f0xx_syscfg.o(i.SYSCFG_DeInit), (36 bytes).
    Removing stm32f0xx_syscfg.o(i.SYSCFG_EXTILineConfig), (40 bytes).
    Removing stm32f0xx_syscfg.o(i.SYSCFG_GetFlagStatus), (20 bytes).
    Removing stm32f0xx_syscfg.o(i.SYSCFG_GetPendingIT), (24 bytes).
    Removing stm32f0xx_syscfg.o(i.SYSCFG_I2CFastModePlusConfig), (28 bytes).
    Removing stm32f0xx_syscfg.o(i.SYSCFG_IRDAEnvSelection), (24 bytes).
    Removing stm32f0xx_syscfg.o(i.SYSCFG_MemoryRemapConfig), (20 bytes).

246 unused section(s) (total 6493 bytes) removed from the image.

==============================================================================

Image Symbol Table

    Local Symbols

    Symbol Name                              Value     Ov Type        Size  Object(Section)

    ../clib/angel/boardlib.s                 0x00000000   Number         0  boardshut.o ABSOLUTE
    ../clib/angel/boardlib.s                 0x00000000   Number         0  boardinit1.o ABSOLUTE
    ../clib/angel/boardlib.s                 0x00000000   Number         0  boardinit2.o ABSOLUTE
    ../clib/angel/boardlib.s                 0x00000000   Number         0  boardinit3.o ABSOLUTE
    ../clib/angel/handlers.s                 0x00000000   Number         0  __scatter_zi.o ABSOLUTE
    ../clib/angel/handlers.s                 0x00000000   Number         0  __scatter_copy.o ABSOLUTE
    ../clib/angel/kernel.s                   0x00000000   Number         0  rtexit.o ABSOLUTE
    ../clib/angel/kernel.s                   0x00000000   Number         0  rtexit2.o ABSOLUTE
    ../clib/angel/kernel.s                   0x00000000   Number         0  __rtentry.o ABSOLUTE
    ../clib/angel/kernel.s                   0x00000000   Number         0  __rtentry4.o ABSOLUTE
    ../clib/angel/kernel.s                   0x00000000   Number         0  __rtentry2.o ABSOLUTE
    ../clib/angel/rt.s                       0x00000000   Number         0  rt_div0.o ABSOLUTE
    ../clib/angel/rt.s                       0x00000000   Number         0  aeabi_idiv0.o ABSOLUTE
    ../clib/angel/rt.s                       0x00000000   Number         0  rt_raise.o ABSOLUTE
    ../clib/angel/rt.s                       0x00000000   Number         0  aeabi_idiv0_sigfpe.o ABSOLUTE
    ../clib/angel/scatterp.s                 0x00000000   Number         0  __scatter.o ABSOLUTE
    ../clib/angel/startup.s                  0x00000000   Number         0  __main.o ABSOLUTE
    ../clib/angel/sys.s                      0x00000000   Number         0  indicate_semi.o ABSOLUTE
    ../clib/angel/sys.s                      0x00000000   Number         0  use_no_semi.o ABSOLUTE
    ../clib/angel/sys.s                      0x00000000   Number         0  sys_stackheap_outer.o ABSOLUTE
    ../clib/angel/sys.s                      0x00000000   Number         0  libspace.o ABSOLUTE
    ../clib/angel/sys.s                      0x00000000   Number         0  tempstk.o ABSOLUTE
    ../clib/angel/sysapp.c                   0x00000000   Number         0  sys_wrch.o ABSOLUTE
    ../clib/angel/sysapp.c                   0x00000000   Number         0  sys_command.o ABSOLUTE
    ../clib/angel/sysapp.c                   0x00000000   Number         0  sys_exit.o ABSOLUTE
    ../clib/armsys.c                         0x00000000   Number         0  _get_argv_nomalloc.o ABSOLUTE
    ../clib/armsys.c                         0x00000000   Number         0  no_argv.o ABSOLUTE
    ../clib/armsys.c                         0x00000000   Number         0  argv_veneer.o ABSOLUTE
    ../clib/division.s                       0x00000000   Number         0  aeabi_sdiv_div0.o ABSOLUTE
    ../clib/division.s                       0x00000000   Number         0  aeabi_sdiv.o ABSOLUTE
    ../clib/heapalloc.c                      0x00000000   Number         0  hrguard.o ABSOLUTE
    ../clib/heapaux.c                        0x00000000   Number         0  heapauxi.o ABSOLUTE
    ../clib/libinit.s                        0x00000000   Number         0  libinit.o ABSOLUTE
    ../clib/libinit.s                        0x00000000   Number         0  libinit2.o ABSOLUTE
    ../clib/libinit.s                        0x00000000   Number         0  libshutdown.o ABSOLUTE
    ../clib/libinit.s                        0x00000000   Number         0  libshutdown2.o ABSOLUTE
    ../clib/memcpset.c                       0x00000000   Number         0  rt_memcpy.o ABSOLUTE
    ../clib/memcpset.c                       0x00000000   Number         0  rt_memcpy.o ABSOLUTE
    ../clib/signal.c                         0x00000000   Number         0  defsig_general.o ABSOLUTE
    ../clib/signal.c                         0x00000000   Number         0  defsig_fpe_formal.o ABSOLUTE
    ../clib/signal.c                         0x00000000   Number         0  defsig_rtmem_outer.o ABSOLUTE
    ../clib/signal.c                         0x00000000   Number         0  defsig_fpe_outer.o ABSOLUTE
    ../clib/signal.c                         0x00000000   Number         0  defsig_exit.o ABSOLUTE
    ../clib/signal.c                         0x00000000   Number         0  defsig_fpe_inner.o ABSOLUTE
    ../clib/signal.c                         0x00000000   Number         0  defsig_rtred_inner.o ABSOLUTE
    ../clib/signal.c                         0x00000000   Number         0  defsig_rtmem_inner.o ABSOLUTE
    ../clib/signal.c                         0x00000000   Number         0  defsig_rtmem_formal.o ABSOLUTE
    ../clib/signal.c                         0x00000000   Number         0  defsig_stak_inner.o ABSOLUTE
    ../clib/signal.c                         0x00000000   Number         0  defsig_pvfn_inner.o ABSOLUTE
    ../clib/signal.c                         0x00000000   Number         0  defsig_cppl_inner.o ABSOLUTE
    ../clib/signal.c                         0x00000000   Number         0  defsig_segv_inner.o ABSOLUTE
    ../clib/signal.c                         0x00000000   Number         0  defsig_other.o ABSOLUTE
    ../clib/signal.c                         0x00000000   Number         0  __raise.o ABSOLUTE
    ../clib/signal.c                         0x00000000   Number         0  defsig_abrt_inner.o ABSOLUTE
    ../clib/signal.s                         0x00000000   Number         0  defsig.o ABSOLUTE
    ../clib/stdlib.c                         0x00000000   Number         0  exit.o ABSOLUTE
    ../fplib/cfplib/fpinit.c                 0x00000000   Number         0  fpinit.o ABSOLUTE
    Code\Check.c                             0x00000000   Number         0  check.o ABSOLUTE
    Code\Display.c                           0x00000000   Number         0  display.o ABSOLUTE
    Code\Flash.c                             0x00000000   Number         0  flash.o ABSOLUTE
    Code\GPIO.c                              0x00000000   Number         0  gpio.o ABSOLUTE
    Code\IAP_Data.c                          0x00000000   Number         0  iap_data.o ABSOLUTE
    Code\Jump_to_app.c                       0x00000000   Number         0  jump_to_app.o ABSOLUTE
    Code\Modbus.c                            0x00000000   Number         0  modbus.o ABSOLUTE
    Code\Timer.c                             0x00000000   Number         0  timer.o ABSOLUTE
    Code\Usart.c                             0x00000000   Number         0  usart.o ABSOLUTE
    Code\\Check.c                            0x00000000   Number         0  check.o ABSOLUTE
    Code\\Display.c                          0x00000000   Number         0  display.o ABSOLUTE
    Code\\Flash.c                            0x00000000   Number         0  flash.o ABSOLUTE
    Code\\GPIO.c                             0x00000000   Number         0  gpio.o ABSOLUTE
    Code\\IAP_Data.c                         0x00000000   Number         0  iap_data.o ABSOLUTE
    Code\\Jump_to_app.c                      0x00000000   Number         0  jump_to_app.o ABSOLUTE
    Code\\Modbus.c                           0x00000000   Number         0  modbus.o ABSOLUTE
    Code\\Timer.c                            0x00000000   Number         0  timer.o ABSOLUTE
    Code\\Usart.c                            0x00000000   Number         0  usart.o ABSOLUTE
    Code\\config.c                           0x00000000   Number         0  config.o ABSOLUTE
    Code\\main.c                             0x00000000   Number         0  main.o ABSOLUTE
    Code\config.c                            0x00000000   Number         0  config.o ABSOLUTE
    Code\main.c                              0x00000000   Number         0  main.o ABSOLUTE
    Code\startup_stm32f070xb.s               0x00000000   Number         0  startup_stm32f070xb.o ABSOLUTE
    LibStm32\Source\stm32f0xx_flash.c        0x00000000   Number         0  stm32f0xx_flash.o ABSOLUTE
    LibStm32\Source\stm32f0xx_gpio.c         0x00000000   Number         0  stm32f0xx_gpio.o ABSOLUTE
    LibStm32\Source\stm32f0xx_misc.c         0x00000000   Number         0  stm32f0xx_misc.o ABSOLUTE
    LibStm32\Source\stm32f0xx_rcc.c          0x00000000   Number         0  stm32f0xx_rcc.o ABSOLUTE
    LibStm32\Source\stm32f0xx_syscfg.c       0x00000000   Number         0  stm32f0xx_syscfg.o ABSOLUTE
    LibStm32\Source\stm32f0xx_tim.c          0x00000000   Number         0  stm32f0xx_tim.o ABSOLUTE
    LibStm32\Source\stm32f0xx_usart.c        0x00000000   Number         0  stm32f0xx_usart.o ABSOLUTE
    LibStm32\Source\system_stm32f0xx.c       0x00000000   Number         0  system_stm32f0xx.o ABSOLUTE
    LibStm32\\Source\\stm32f0xx_flash.c      0x00000000   Number         0  stm32f0xx_flash.o ABSOLUTE
    LibStm32\\Source\\stm32f0xx_gpio.c       0x00000000   Number         0  stm32f0xx_gpio.o ABSOLUTE
    LibStm32\\Source\\stm32f0xx_misc.c       0x00000000   Number         0  stm32f0xx_misc.o ABSOLUTE
    LibStm32\\Source\\stm32f0xx_rcc.c        0x00000000   Number         0  stm32f0xx_rcc.o ABSOLUTE
    LibStm32\\Source\\stm32f0xx_syscfg.c     0x00000000   Number         0  stm32f0xx_syscfg.o ABSOLUTE
    LibStm32\\Source\\stm32f0xx_tim.c        0x00000000   Number         0  stm32f0xx_tim.o ABSOLUTE
    LibStm32\\Source\\stm32f0xx_usart.c      0x00000000   Number         0  stm32f0xx_usart.o ABSOLUTE
    LibStm32\\Source\\system_stm32f0xx.c     0x00000000   Number         0  system_stm32f0xx.o ABSOLUTE
    dc.s                                     0x00000000   Number         0  dc.o ABSOLUTE
    RESET                                    0x08000000   Section      192  startup_stm32f070xb.o(RESET)
    !!!main                                  0x080000c0   Section        8  __main.o(!!!main)
    !!!scatter                               0x080000c8   Section       60  __scatter.o(!!!scatter)
    !!handler_copy                           0x08000104   Section       26  __scatter_copy.o(!!handler_copy)
    !!handler_zi                             0x08000120   Section       28  __scatter_zi.o(!!handler_zi)
    .ARM.Collect$$libinit$$00000000          0x0800013c   Section        2  libinit.o(.ARM.Collect$$libinit$$00000000)
    .ARM.Collect$$libinit$$00000002          0x0800013e   Section        0  libinit2.o(.ARM.Collect$$libinit$$00000002)
    .ARM.Collect$$libinit$$00000004          0x0800013e   Section        0  libinit2.o(.ARM.Collect$$libinit$$00000004)
    .ARM.Collect$$libinit$$0000000A          0x0800013e   Section        0  libinit2.o(.ARM.Collect$$libinit$$0000000A)
    .ARM.Collect$$libinit$$0000000C          0x0800013e   Section        0  libinit2.o(.ARM.Collect$$libinit$$0000000C)
    .ARM.Collect$$libinit$$0000000E          0x0800013e   Section        0  libinit2.o(.ARM.Collect$$libinit$$0000000E)
    .ARM.Collect$$libinit$$00000011          0x0800013e   Section        0  libinit2.o(.ARM.Collect$$libinit$$00000011)
    .ARM.Collect$$libinit$$00000013          0x0800013e   Section        0  libinit2.o(.ARM.Collect$$libinit$$00000013)
    .ARM.Collect$$libinit$$00000015          0x0800013e   Section        0  libinit2.o(.ARM.Collect$$libinit$$00000015)
    .ARM.Collect$$libinit$$00000017          0x0800013e   Section        0  libinit2.o(.ARM.Collect$$libinit$$00000017)
    .ARM.Collect$$libinit$$00000019          0x0800013e   Section        0  libinit2.o(.ARM.Collect$$libinit$$00000019)
    .ARM.Collect$$libinit$$0000001B          0x0800013e   Section        0  libinit2.o(.ARM.Collect$$libinit$$0000001B)
    .ARM.Collect$$libinit$$0000001D          0x0800013e   Section        0  libinit2.o(.ARM.Collect$$libinit$$0000001D)
    .ARM.Collect$$libinit$$0000001F          0x0800013e   Section        0  libinit2.o(.ARM.Collect$$libinit$$0000001F)
    .ARM.Collect$$libinit$$00000021          0x0800013e   Section        0  libinit2.o(.ARM.Collect$$libinit$$00000021)
    .ARM.Collect$$libinit$$00000023          0x0800013e   Section        0  libinit2.o(.ARM.Collect$$libinit$$00000023)
    .ARM.Collect$$libinit$$00000025          0x0800013e   Section        0  libinit2.o(.ARM.Collect$$libinit$$00000025)
    .ARM.Collect$$libinit$$0000002C          0x0800013e   Section        0  libinit2.o(.ARM.Collect$$libinit$$0000002C)
    .ARM.Collect$$libinit$$0000002E          0x0800013e   Section        0  libinit2.o(.ARM.Collect$$libinit$$0000002E)
    .ARM.Collect$$libinit$$00000030          0x0800013e   Section        0  libinit2.o(.ARM.Collect$$libinit$$00000030)
    .ARM.Collect$$libinit$$00000032          0x0800013e   Section        0  libinit2.o(.ARM.Collect$$libinit$$00000032)
    .ARM.Collect$$libinit$$00000033          0x0800013e   Section        2  libinit2.o(.ARM.Collect$$libinit$$00000033)
    .ARM.Collect$$libshutdown$$00000000      0x08000140   Section        2  libshutdown.o(.ARM.Collect$$libshutdown$$00000000)
    .ARM.Collect$$libshutdown$$00000003      0x08000142   Section        0  libshutdown2.o(.ARM.Collect$$libshutdown$$00000003)
    .ARM.Collect$$libshutdown$$00000006      0x08000142   Section        0  libshutdown2.o(.ARM.Collect$$libshutdown$$00000006)
    .ARM.Collect$$libshutdown$$00000009      0x08000142   Section        0  libshutdown2.o(.ARM.Collect$$libshutdown$$00000009)
    .ARM.Collect$$libshutdown$$0000000B      0x08000142   Section        0  libshutdown2.o(.ARM.Collect$$libshutdown$$0000000B)
    .ARM.Collect$$libshutdown$$0000000E      0x08000142   Section        0  libshutdown2.o(.ARM.Collect$$libshutdown$$0000000E)
    .ARM.Collect$$libshutdown$$0000000F      0x08000142   Section        2  libshutdown2.o(.ARM.Collect$$libshutdown$$0000000F)
    .ARM.Collect$$rtentry$$00000000          0x08000144   Section        0  __rtentry.o(.ARM.Collect$$rtentry$$00000000)
    .ARM.Collect$$rtentry$$00000002          0x08000144   Section        0  __rtentry2.o(.ARM.Collect$$rtentry$$00000002)
    .ARM.Collect$$rtentry$$00000004          0x08000144   Section        6  __rtentry4.o(.ARM.Collect$$rtentry$$00000004)
    .ARM.Collect$$rtentry$$00000009          0x0800014a   Section        0  __rtentry2.o(.ARM.Collect$$rtentry$$00000009)
    .ARM.Collect$$rtentry$$0000000A          0x0800014a   Section        4  __rtentry2.o(.ARM.Collect$$rtentry$$0000000A)
    .ARM.Collect$$rtentry$$0000000C          0x0800014e   Section        0  __rtentry2.o(.ARM.Collect$$rtentry$$0000000C)
    .ARM.Collect$$rtentry$$0000000D          0x0800014e   Section        8  __rtentry2.o(.ARM.Collect$$rtentry$$0000000D)
    .ARM.Collect$$rtexit$$00000000           0x08000156   Section        2  rtexit.o(.ARM.Collect$$rtexit$$00000000)
    .ARM.Collect$$rtexit$$00000002           0x08000158   Section        0  rtexit2.o(.ARM.Collect$$rtexit$$00000002)
    .ARM.Collect$$rtexit$$00000003           0x08000158   Section        4  rtexit2.o(.ARM.Collect$$rtexit$$00000003)
    .ARM.Collect$$rtexit$$00000004           0x0800015c   Section        6  rtexit2.o(.ARM.Collect$$rtexit$$00000004)
    .emb_text                                0x08000164   Section       56  rt_memcpy.o(.emb_text)
    .rev16_text                              0x0800019c   Section        4  flash.o(.rev16_text)
    .rev16_text                              0x080001a0   Section        4  modbus.o(.rev16_text)
    .text                                    0x080001a4   Section       56  startup_stm32f070xb.o(.text)
    .text                                    0x080001dc   Section        0  rt_memcpy.o(.text)
    .text                                    0x0800025e   Section      346  aeabi_sdiv.o(.text)
    .text                                    0x080003b8   Section        0  heapauxi.o(.text)
    .text                                    0x080003be   Section       62  sys_stackheap_outer.o(.text)
    .text                                    0x080003fc   Section        0  exit.o(.text)
    .text                                    0x08000408   Section        8  libspace.o(.text)
    .text                                    0x08000410   Section        0  sys_exit.o(.text)
    .text                                    0x0800041c   Section        2  use_no_semi.o(.text)
    .text                                    0x0800041e   Section        0  indicate_semi.o(.text)
    i.CFG_LoadParam                          0x08000420   Section        0  config.o(i.CFG_LoadParam)
    i.CFG_ParamCfg                           0x08000460   Section        0  config.o(i.CFG_ParamCfg)
    i.FLASH_ClearFlag                        0x080004a0   Section        0  stm32f0xx_flash.o(i.FLASH_ClearFlag)
    i.FLASH_ErasePage                        0x080004ac   Section        0  stm32f0xx_flash.o(i.FLASH_ErasePage)
    i.FLASH_GetStatus                        0x080004e4   Section        0  stm32f0xx_flash.o(i.FLASH_GetStatus)
    i.FLASH_Lock                             0x0800050c   Section        0  stm32f0xx_flash.o(i.FLASH_Lock)
    i.FLASH_ProgramWord                      0x0800051c   Section        0  stm32f0xx_flash.o(i.FLASH_ProgramWord)
    i.FLASH_Unlock                           0x08000574   Section        0  stm32f0xx_flash.o(i.FLASH_Unlock)
    i.FLASH_WaitForLastOperation             0x08000594   Section        0  stm32f0xx_flash.o(i.FLASH_WaitForLastOperation)
    i.Flash_Erase                            0x080005b4   Section        0  flash.o(i.Flash_Erase)
    i.Flash_Update                           0x080005e8   Section        0  flash.o(i.Flash_Update)
    i.GPIO_Configuration                     0x0800067c   Section        0  gpio.o(i.GPIO_Configuration)
    i.GPIO_Init                              0x08000710   Section        0  stm32f0xx_gpio.o(i.GPIO_Init)
    i.GPIO_PinAFConfig                       0x08000780   Section        0  stm32f0xx_gpio.o(i.GPIO_PinAFConfig)
    i.GPIO_ReadInputData                     0x080007a0   Section        0  stm32f0xx_gpio.o(i.GPIO_ReadInputData)
    i.GPIO_ResetBits                         0x080007a4   Section        0  stm32f0xx_gpio.o(i.GPIO_ResetBits)
    i.GPIO_SetBits                           0x080007a8   Section        0  stm32f0xx_gpio.o(i.GPIO_SetBits)
    i.Iap_Status_Check                       0x080007ac   Section        0  iap_data.o(i.Iap_Status_Check)
    i.Iap_Update                             0x08000848   Section        0  iap_data.o(i.Iap_Update)
    i.Jump                                   0x080009d0   Section        0  jump_to_app.o(i.Jump)
    i.MODBUS_Parsing                         0x08000a00   Section        0  modbus.o(i.MODBUS_Parsing)
    i.MODBUS_USART1_IRQHandler               0x08000b2c   Section        0  modbus.o(i.MODBUS_USART1_IRQHandler)
    i.MODBUS_USARTSend                       0x08000ba4   Section        0  modbus.o(i.MODBUS_USARTSend)
    i.NVIC_Init                              0x08000be4   Section        0  stm32f0xx_misc.o(i.NVIC_Init)
    i.NVIC_SystemReset                       0x08000c34   Section        0  iap_data.o(i.NVIC_SystemReset)
    NVIC_SystemReset                         0x08000c35   Thumb Code    16  iap_data.o(i.NVIC_SystemReset)
    i.RCC_AHBPeriphClockCmd                  0x08000c4c   Section        0  stm32f0xx_rcc.o(i.RCC_AHBPeriphClockCmd)
    i.RCC_APB1PeriphResetCmd                 0x08000c68   Section        0  stm32f0xx_rcc.o(i.RCC_APB1PeriphResetCmd)
    i.RCC_APB2PeriphClockCmd                 0x08000c84   Section        0  stm32f0xx_rcc.o(i.RCC_APB2PeriphClockCmd)
    i.RCC_APB2PeriphResetCmd                 0x08000ca0   Section        0  stm32f0xx_rcc.o(i.RCC_APB2PeriphResetCmd)
    i.RCC_GetClocksFreq                      0x08000cbc   Section        0  stm32f0xx_rcc.o(i.RCC_GetClocksFreq)
    i.Read_03_Handle                         0x08000e50   Section        0  modbus.o(i.Read_03_Handle)
    i.SetSysClock                            0x08000f1c   Section        0  system_stm32f0xx.o(i.SetSysClock)
    SetSysClock                              0x08000f1d   Thumb Code   148  system_stm32f0xx.o(i.SetSysClock)
    i.SystemInit                             0x08000fb8   Section        0  system_stm32f0xx.o(i.SystemInit)
    i.TIM16_Configuration                    0x08001018   Section        0  timer.o(i.TIM16_Configuration)
    i.TIM16_IRQHandler                       0x08001078   Section        0  timer.o(i.TIM16_IRQHandler)
    i.TIM_ClearFlag                          0x080010e0   Section        0  stm32f0xx_tim.o(i.TIM_ClearFlag)
    i.TIM_ClearITPendingBit                  0x080010e6   Section        0  stm32f0xx_tim.o(i.TIM_ClearITPendingBit)
    i.TIM_Cmd                                0x080010ec   Section        0  stm32f0xx_tim.o(i.TIM_Cmd)
    i.TIM_DeInit                             0x08001104   Section        0  stm32f0xx_tim.o(i.TIM_DeInit)
    i.TIM_GetITStatus                        0x0800120c   Section        0  stm32f0xx_tim.o(i.TIM_GetITStatus)
    i.TIM_ITConfig                           0x08001224   Section        0  stm32f0xx_tim.o(i.TIM_ITConfig)
    i.TIM_TimeBaseInit                       0x08001238   Section        0  stm32f0xx_tim.o(i.TIM_TimeBaseInit)
    i.TIM_TimeBaseStructInit                 0x080012ac   Section        0  stm32f0xx_tim.o(i.TIM_TimeBaseStructInit)
    i.USART1_IRQHandler                      0x080012be   Section        0  usart.o(i.USART1_IRQHandler)
    i.USART_ClearFlag                        0x080012c6   Section        0  stm32f0xx_usart.o(i.USART_ClearFlag)
    i.USART_ClearITPendingBit                0x080012ca   Section        0  stm32f0xx_usart.o(i.USART_ClearITPendingBit)
    i.USART_Cmd                              0x080012d4   Section        0  stm32f0xx_usart.o(i.USART_Cmd)
    i.USART_GetFlagStatus                    0x080012ec   Section        0  stm32f0xx_usart.o(i.USART_GetFlagStatus)
    i.USART_GetITStatus                      0x080012fa   Section        0  stm32f0xx_usart.o(i.USART_GetITStatus)
    i.USART_ITConfig                         0x08001336   Section        0  stm32f0xx_usart.o(i.USART_ITConfig)
    i.USART_Init                             0x08001364   Section        0  stm32f0xx_usart.o(i.USART_Init)
    i.USART_ReceiveData                      0x08001414   Section        0  stm32f0xx_usart.o(i.USART_ReceiveData)
    i.USART_SendData                         0x0800141c   Section        0  stm32f0xx_usart.o(i.USART_SendData)
    i.Usart_Configuration                    0x08001424   Section        0  usart.o(i.Usart_Configuration)
    i.Write_10_Handle                        0x080014dc   Section        0  modbus.o(i.Write_10_Handle)
    i.crc16                                  0x080015f8   Section        0  check.o(i.crc16)
    i.main                                   0x08001634   Section        0  main.o(i.main)
    i.sDelay                                 0x0800167c   Section        0  display.o(i.sDelay)
    i.sGetLCDState                           0x08001688   Section        0  display.o(i.sGetLCDState)
    i.sInitDisplay                           0x080016ec   Section        0  display.o(i.sInitDisplay)
    i.sUpdateLCD                             0x08001788   Section        0  display.o(i.sUpdateLCD)
    i.sWriteLCDAdr                           0x080017d0   Section        0  display.o(i.sWriteLCDAdr)
    i.sWriteLCDData                          0x080017e8   Section        0  display.o(i.sWriteLCDData)
    i.sWriteScreenBuf                        0x08001848   Section        0  display.o(i.sWriteScreenBuf)
    .constdata                               0x08001878   Section      336  iap_data.o(.constdata)
    .constdata                               0x080019c8   Section        8  display.o(.constdata)
    .data                                    0x20000000   Section        4  jump_to_app.o(.data)
    .data                                    0x20000004   Section       36  iap_data.o(.data)
    Error_Cnt                                0x2000000c   Data           1  iap_data.o(.data)
    PKG_Cnt_Temp                             0x20000014   Data           2  iap_data.o(.data)
    .data                                    0x20000028   Section        2  iap_data.o(.data)
    .data                                    0x2000002a   Section        2  iap_data.o(.data)
    .data                                    0x2000002c   Section        4  iap_data.o(.data)
    .data                                    0x20000030   Section        4  iap_data.o(.data)
    .data                                    0x20000034   Section        2  iap_data.o(.data)
    .data                                    0x20000036   Section        8  modbus.o(.data)
    .data                                    0x20000040   Section       12  timer.o(.data)
    .data                                    0x2000004c   Section       16  stm32f0xx_rcc.o(.data)
    APBAHBPrescTable                         0x2000004c   Data          16  stm32f0xx_rcc.o(.data)
    .bss                                     0x2000005c   Section       32  iap_data.o(.bss)
    .bss                                     0x2000007c   Section      710  modbus.o(.bss)
    .bss                                     0x20000342   Section       80  display.o(.bss)
    .bss                                     0x20000394   Section       96  libspace.o(.bss)
    HEAP                                     0x200003f8   Section      512  startup_stm32f070xb.o(HEAP)
    Heap_Mem                                 0x200003f8   Data         512  startup_stm32f070xb.o(HEAP)
    STACK                                    0x200005f8   Section     1024  startup_stm32f070xb.o(STACK)
    Stack_Mem                                0x200005f8   Data        1024  startup_stm32f070xb.o(STACK)
    __initial_sp                             0x200009f8   Data           0  startup_stm32f070xb.o(STACK)

    Global Symbols

    Symbol Name                              Value     Ov Type        Size  Object(Section)

    BuildAttributes$$THM_ISAv3M$S$PE$A:L22$X:L11$S22$IEEE1$IW$USESV6$~STKCKD$USESV7$~SHL$OSPACE$ROPI$EBA8$UX$STANDARDLIB$REQ8$PRES8$EABIv2 0x00000000   Number         0  anon$$obj.o ABSOLUTE
    __ARM_use_no_argv                        0x00000000   Number         0  main.o ABSOLUTE
    __ARM_exceptions_init                     - Undefined Weak Reference
    __alloca_initialize                       - Undefined Weak Reference
    __arm_preinit_                            - Undefined Weak Reference
    __cpp_initialize__aeabi_                  - Undefined Weak Reference
    __cxa_finalize                            - Undefined Weak Reference
    __rt_locale                               - Undefined Weak Reference
    __sigvec_lookup                           - Undefined Weak Reference
    _atexit_init                              - Undefined Weak Reference
    _call_atexit_fns                          - Undefined Weak Reference
    _clock_init                               - Undefined Weak Reference
    _fp_trap_init                             - Undefined Weak Reference
    _fp_trap_shutdown                         - Undefined Weak Reference
    _get_lc_collate                           - Undefined Weak Reference
    _get_lc_ctype                             - Undefined Weak Reference
    _get_lc_monetary                          - Undefined Weak Reference
    _get_lc_numeric                           - Undefined Weak Reference
    _get_lc_time                              - Undefined Weak Reference
    _getenv_init                              - Undefined Weak Reference
    _handle_redirection                       - Undefined Weak Reference
    _init_alloc                               - Undefined Weak Reference
    _init_user_alloc                          - Undefined Weak Reference
    _initio                                   - Undefined Weak Reference
    _rand_init                                - Undefined Weak Reference
    _signal_finish                            - Undefined Weak Reference
    _signal_init                              - Undefined Weak Reference
    _terminate_alloc                          - Undefined Weak Reference
    _terminate_user_alloc                     - Undefined Weak Reference
    _terminateio                              - Undefined Weak Reference
    __Vectors_Size                           0x000000c0   Number         0  startup_stm32f070xb.o ABSOLUTE
    __Vectors                                0x08000000   Data           4  startup_stm32f070xb.o(RESET)
    __Vectors_End                            0x080000c0   Data           0  startup_stm32f070xb.o(RESET)
    __main                                   0x080000c1   Thumb Code     8  __main.o(!!!main)
    __scatterload                            0x080000c9   Thumb Code     0  __scatter.o(!!!scatter)
    __scatterload_rt2                        0x080000c9   Thumb Code    52  __scatter.o(!!!scatter)
    __scatterload_rt2_thumb_only             0x080000c9   Thumb Code     0  __scatter.o(!!!scatter)
    __scatterload_null                       0x080000d9   Thumb Code     0  __scatter.o(!!!scatter)
    __scatterload_copy                       0x08000105   Thumb Code    26  __scatter_copy.o(!!handler_copy)
    __scatterload_zeroinit                   0x08000121   Thumb Code    28  __scatter_zi.o(!!handler_zi)
    __rt_lib_init                            0x0800013d   Thumb Code     0  libinit.o(.ARM.Collect$$libinit$$00000000)
    __rt_lib_init_alloca_1                   0x0800013f   Thumb Code     0  libinit2.o(.ARM.Collect$$libinit$$0000002E)
    __rt_lib_init_argv_1                     0x0800013f   Thumb Code     0  libinit2.o(.ARM.Collect$$libinit$$0000002C)
    __rt_lib_init_atexit_1                   0x0800013f   Thumb Code     0  libinit2.o(.ARM.Collect$$libinit$$0000001B)
    __rt_lib_init_clock_1                    0x0800013f   Thumb Code     0  libinit2.o(.ARM.Collect$$libinit$$00000021)
    __rt_lib_init_cpp_1                      0x0800013f   Thumb Code     0  libinit2.o(.ARM.Collect$$libinit$$00000032)
    __rt_lib_init_exceptions_1               0x0800013f   Thumb Code     0  libinit2.o(.ARM.Collect$$libinit$$00000030)
    __rt_lib_init_fp_1                       0x0800013f   Thumb Code     0  libinit2.o(.ARM.Collect$$libinit$$00000002)
    __rt_lib_init_fp_trap_1                  0x0800013f   Thumb Code     0  libinit2.o(.ARM.Collect$$libinit$$0000001F)
    __rt_lib_init_getenv_1                   0x0800013f   Thumb Code     0  libinit2.o(.ARM.Collect$$libinit$$00000023)
    __rt_lib_init_heap_1                     0x0800013f   Thumb Code     0  libinit2.o(.ARM.Collect$$libinit$$0000000A)
    __rt_lib_init_lc_collate_1               0x0800013f   Thumb Code     0  libinit2.o(.ARM.Collect$$libinit$$00000011)
    __rt_lib_init_lc_ctype_1                 0x0800013f   Thumb Code     0  libinit2.o(.ARM.Collect$$libinit$$00000013)
    __rt_lib_init_lc_monetary_1              0x0800013f   Thumb Code     0  libinit2.o(.ARM.Collect$$libinit$$00000015)
    __rt_lib_init_lc_numeric_1               0x0800013f   Thumb Code     0  libinit2.o(.ARM.Collect$$libinit$$00000017)
    __rt_lib_init_lc_time_1                  0x0800013f   Thumb Code     0  libinit2.o(.ARM.Collect$$libinit$$00000019)
    __rt_lib_init_preinit_1                  0x0800013f   Thumb Code     0  libinit2.o(.ARM.Collect$$libinit$$00000004)
    __rt_lib_init_rand_1                     0x0800013f   Thumb Code     0  libinit2.o(.ARM.Collect$$libinit$$0000000E)
    __rt_lib_init_return                     0x0800013f   Thumb Code     0  libinit2.o(.ARM.Collect$$libinit$$00000033)
    __rt_lib_init_signal_1                   0x0800013f   Thumb Code     0  libinit2.o(.ARM.Collect$$libinit$$0000001D)
    __rt_lib_init_stdio_1                    0x0800013f   Thumb Code     0  libinit2.o(.ARM.Collect$$libinit$$00000025)
    __rt_lib_init_user_alloc_1               0x0800013f   Thumb Code     0  libinit2.o(.ARM.Collect$$libinit$$0000000C)
    __rt_lib_shutdown                        0x08000141   Thumb Code     0  libshutdown.o(.ARM.Collect$$libshutdown$$00000000)
    __rt_lib_shutdown_fp_trap_1              0x08000143   Thumb Code     0  libshutdown2.o(.ARM.Collect$$libshutdown$$00000006)
    __rt_lib_shutdown_heap_1                 0x08000143   Thumb Code     0  libshutdown2.o(.ARM.Collect$$libshutdown$$0000000E)
    __rt_lib_shutdown_return                 0x08000143   Thumb Code     0  libshutdown2.o(.ARM.Collect$$libshutdown$$0000000F)
    __rt_lib_shutdown_signal_1               0x08000143   Thumb Code     0  libshutdown2.o(.ARM.Collect$$libshutdown$$00000009)
    __rt_lib_shutdown_stdio_1                0x08000143   Thumb Code     0  libshutdown2.o(.ARM.Collect$$libshutdown$$00000003)
    __rt_lib_shutdown_user_alloc_1           0x08000143   Thumb Code     0  libshutdown2.o(.ARM.Collect$$libshutdown$$0000000B)
    __rt_entry                               0x08000145   Thumb Code     0  __rtentry.o(.ARM.Collect$$rtentry$$00000000)
    __rt_entry_presh_1                       0x08000145   Thumb Code     0  __rtentry2.o(.ARM.Collect$$rtentry$$00000002)
    __rt_entry_sh                            0x08000145   Thumb Code     0  __rtentry4.o(.ARM.Collect$$rtentry$$00000004)
    __rt_entry_li                            0x0800014b   Thumb Code     0  __rtentry2.o(.ARM.Collect$$rtentry$$0000000A)
    __rt_entry_postsh_1                      0x0800014b   Thumb Code     0  __rtentry2.o(.ARM.Collect$$rtentry$$00000009)
    __rt_entry_main                          0x0800014f   Thumb Code     0  __rtentry2.o(.ARM.Collect$$rtentry$$0000000D)
    __rt_entry_postli_1                      0x0800014f   Thumb Code     0  __rtentry2.o(.ARM.Collect$$rtentry$$0000000C)
    __rt_exit                                0x08000157   Thumb Code     0  rtexit.o(.ARM.Collect$$rtexit$$00000000)
    __rt_exit_ls                             0x08000159   Thumb Code     0  rtexit2.o(.ARM.Collect$$rtexit$$00000003)
    __rt_exit_prels_1                        0x08000159   Thumb Code     0  rtexit2.o(.ARM.Collect$$rtexit$$00000002)
    __rt_exit_exit                           0x0800015d   Thumb Code     0  rtexit2.o(.ARM.Collect$$rtexit$$00000004)
    __aeabi_memcpy4                          0x08000165   Thumb Code    56  rt_memcpy.o(.emb_text)
    __aeabi_memcpy8                          0x08000165   Thumb Code     0  rt_memcpy.o(.emb_text)
    __asm___7_Flash_c_f196f363____REV16      0x0800019d   Thumb Code     4  flash.o(.rev16_text)
    __asm___8_Modbus_c_709e72cc____REV16     0x080001a1   Thumb Code     4  modbus.o(.rev16_text)
    Reset_Handler                            0x080001a5   Thumb Code     8  startup_stm32f070xb.o(.text)
    NMI_Handler                              0x080001ad   Thumb Code     2  startup_stm32f070xb.o(.text)
    HardFault_Handler                        0x080001af   Thumb Code     2  startup_stm32f070xb.o(.text)
    SVC_Handler                              0x080001b1   Thumb Code     2  startup_stm32f070xb.o(.text)
    PendSV_Handler                           0x080001b3   Thumb Code     2  startup_stm32f070xb.o(.text)
    SysTick_Handler                          0x080001b5   Thumb Code     2  startup_stm32f070xb.o(.text)
    ADC1_IRQHandler                          0x080001b7   Thumb Code     0  startup_stm32f070xb.o(.text)
    DMA1_Channel1_IRQHandler                 0x080001b7   Thumb Code     0  startup_stm32f070xb.o(.text)
    DMA1_Channel2_3_IRQHandler               0x080001b7   Thumb Code     0  startup_stm32f070xb.o(.text)
    DMA1_Channel4_5_IRQHandler               0x080001b7   Thumb Code     0  startup_stm32f070xb.o(.text)
    EXTI0_1_IRQHandler                       0x080001b7   Thumb Code     0  startup_stm32f070xb.o(.text)
    EXTI2_3_IRQHandler                       0x080001b7   Thumb Code     0  startup_stm32f070xb.o(.text)
    EXTI4_15_IRQHandler                      0x080001b7   Thumb Code     0  startup_stm32f070xb.o(.text)
    FLASH_IRQHandler                         0x080001b7   Thumb Code     0  startup_stm32f070xb.o(.text)
    I2C1_IRQHandler                          0x080001b7   Thumb Code     0  startup_stm32f070xb.o(.text)
    I2C2_IRQHandler                          0x080001b7   Thumb Code     0  startup_stm32f070xb.o(.text)
    RCC_IRQHandler                           0x080001b7   Thumb Code     0  startup_stm32f070xb.o(.text)
    RTC_IRQHandler                           0x080001b7   Thumb Code     0  startup_stm32f070xb.o(.text)
    SPI1_IRQHandler                          0x080001b7   Thumb Code     0  startup_stm32f070xb.o(.text)
    SPI2_IRQHandler                          0x080001b7   Thumb Code     0  startup_stm32f070xb.o(.text)
    TIM14_IRQHandler                         0x080001b7   Thumb Code     0  startup_stm32f070xb.o(.text)
    TIM15_IRQHandler                         0x080001b7   Thumb Code     0  startup_stm32f070xb.o(.text)
    TIM17_IRQHandler                         0x080001b7   Thumb Code     0  startup_stm32f070xb.o(.text)
    TIM1_BRK_UP_TRG_COM_IRQHandler           0x080001b7   Thumb Code     0  startup_stm32f070xb.o(.text)
    TIM1_CC_IRQHandler                       0x080001b7   Thumb Code     0  startup_stm32f070xb.o(.text)
    TIM3_IRQHandler                          0x080001b7   Thumb Code     0  startup_stm32f070xb.o(.text)
    TIM6_IRQHandler                          0x080001b7   Thumb Code     0  startup_stm32f070xb.o(.text)
    TIM7_IRQHandler                          0x080001b7   Thumb Code     0  startup_stm32f070xb.o(.text)
    USART2_IRQHandler                        0x080001b7   Thumb Code     0  startup_stm32f070xb.o(.text)
    USART3_4_IRQHandler                      0x080001b7   Thumb Code     0  startup_stm32f070xb.o(.text)
    USB_IRQHandler                           0x080001b7   Thumb Code     0  startup_stm32f070xb.o(.text)
    WWDG_IRQHandler                          0x080001b7   Thumb Code     0  startup_stm32f070xb.o(.text)
    __user_initial_stackheap                 0x080001b9   Thumb Code     0  startup_stm32f070xb.o(.text)
    __aeabi_memcpy                           0x080001dd   Thumb Code   130  rt_memcpy.o(.text)
    __rt_memcpy                              0x080001dd   Thumb Code     0  rt_memcpy.o(.text)
    __aeabi_uidiv                            0x0800025f   Thumb Code     0  aeabi_sdiv.o(.text)
    __aeabi_uidivmod                         0x0800025f   Thumb Code    20  aeabi_sdiv.o(.text)
    __aeabi_idiv                             0x08000273   Thumb Code     0  aeabi_sdiv.o(.text)
    __aeabi_idivmod                          0x08000273   Thumb Code   326  aeabi_sdiv.o(.text)
    __use_two_region_memory                  0x080003b9   Thumb Code     2  heapauxi.o(.text)
    __rt_heap_escrow$2region                 0x080003bb   Thumb Code     2  heapauxi.o(.text)
    __rt_heap_expand$2region                 0x080003bd   Thumb Code     2  heapauxi.o(.text)
    __user_setup_stackheap                   0x080003bf   Thumb Code    62  sys_stackheap_outer.o(.text)
    exit                                     0x080003fd   Thumb Code    12  exit.o(.text)
    __user_libspace                          0x08000409   Thumb Code     8  libspace.o(.text)
    __user_perproc_libspace                  0x08000409   Thumb Code     0  libspace.o(.text)
    __user_perthread_libspace                0x08000409   Thumb Code     0  libspace.o(.text)
    _sys_exit                                0x08000411   Thumb Code     8  sys_exit.o(.text)
    __I$use$semihosting                      0x0800041d   Thumb Code     0  use_no_semi.o(.text)
    __use_no_semihosting_swi                 0x0800041d   Thumb Code     2  use_no_semi.o(.text)
    __semihosting_library_function           0x0800041f   Thumb Code     0  indicate_semi.o(.text)
    CFG_LoadParam                            0x08000421   Thumb Code    60  config.o(i.CFG_LoadParam)
    CFG_ParamCfg                             0x08000461   Thumb Code    60  config.o(i.CFG_ParamCfg)
    FLASH_ClearFlag                          0x080004a1   Thumb Code     6  stm32f0xx_flash.o(i.FLASH_ClearFlag)
    FLASH_ErasePage                          0x080004ad   Thumb Code    52  stm32f0xx_flash.o(i.FLASH_ErasePage)
    FLASH_GetStatus                          0x080004e5   Thumb Code    34  stm32f0xx_flash.o(i.FLASH_GetStatus)
    FLASH_Lock                               0x0800050d   Thumb Code    12  stm32f0xx_flash.o(i.FLASH_Lock)
    FLASH_ProgramWord                        0x0800051d   Thumb Code    82  stm32f0xx_flash.o(i.FLASH_ProgramWord)
    FLASH_Unlock                             0x08000575   Thumb Code    18  stm32f0xx_flash.o(i.FLASH_Unlock)
    FLASH_WaitForLastOperation               0x08000595   Thumb Code    32  stm32f0xx_flash.o(i.FLASH_WaitForLastOperation)
    Flash_Erase                              0x080005b5   Thumb Code    46  flash.o(i.Flash_Erase)
    Flash_Update                             0x080005e9   Thumb Code   136  flash.o(i.Flash_Update)
    GPIO_Configuration                       0x0800067d   Thumb Code   140  gpio.o(i.GPIO_Configuration)
    GPIO_Init                                0x08000711   Thumb Code   112  stm32f0xx_gpio.o(i.GPIO_Init)
    GPIO_PinAFConfig                         0x08000781   Thumb Code    32  stm32f0xx_gpio.o(i.GPIO_PinAFConfig)
    GPIO_ReadInputData                       0x080007a1   Thumb Code     4  stm32f0xx_gpio.o(i.GPIO_ReadInputData)
    GPIO_ResetBits                           0x080007a5   Thumb Code     4  stm32f0xx_gpio.o(i.GPIO_ResetBits)
    GPIO_SetBits                             0x080007a9   Thumb Code     4  stm32f0xx_gpio.o(i.GPIO_SetBits)
    Iap_Status_Check                         0x080007ad   Thumb Code   146  iap_data.o(i.Iap_Status_Check)
    Iap_Update                               0x08000849   Thumb Code   346  iap_data.o(i.Iap_Update)
    Jump                                     0x080009d1   Thumb Code    36  jump_to_app.o(i.Jump)
    MODBUS_Parsing                           0x08000a01   Thumb Code   276  modbus.o(i.MODBUS_Parsing)
    MODBUS_USART1_IRQHandler                 0x08000b2d   Thumb Code   100  modbus.o(i.MODBUS_USART1_IRQHandler)
    MODBUS_USARTSend                         0x08000ba5   Thumb Code    64  modbus.o(i.MODBUS_USARTSend)
    NVIC_Init                                0x08000be5   Thumb Code    72  stm32f0xx_misc.o(i.NVIC_Init)
    RCC_AHBPeriphClockCmd                    0x08000c4d   Thumb Code    22  stm32f0xx_rcc.o(i.RCC_AHBPeriphClockCmd)
    RCC_APB1PeriphResetCmd                   0x08000c69   Thumb Code    22  stm32f0xx_rcc.o(i.RCC_APB1PeriphResetCmd)
    RCC_APB2PeriphClockCmd                   0x08000c85   Thumb Code    22  stm32f0xx_rcc.o(i.RCC_APB2PeriphClockCmd)
    RCC_APB2PeriphResetCmd                   0x08000ca1   Thumb Code    22  stm32f0xx_rcc.o(i.RCC_APB2PeriphResetCmd)
    RCC_GetClocksFreq                        0x08000cbd   Thumb Code   374  stm32f0xx_rcc.o(i.RCC_GetClocksFreq)
    Read_03_Handle                           0x08000e51   Thumb Code   190  modbus.o(i.Read_03_Handle)
    SystemInit                               0x08000fb9   Thumb Code    84  system_stm32f0xx.o(i.SystemInit)
    TIM16_Configuration                      0x08001019   Thumb Code    92  timer.o(i.TIM16_Configuration)
    TIM16_IRQHandler                         0x08001079   Thumb Code    92  timer.o(i.TIM16_IRQHandler)
    TIM_ClearFlag                            0x080010e1   Thumb Code     6  stm32f0xx_tim.o(i.TIM_ClearFlag)
    TIM_ClearITPendingBit                    0x080010e7   Thumb Code     6  stm32f0xx_tim.o(i.TIM_ClearITPendingBit)
    TIM_Cmd                                  0x080010ed   Thumb Code    24  stm32f0xx_tim.o(i.TIM_Cmd)
    TIM_DeInit                               0x08001105   Thumb Code   230  stm32f0xx_tim.o(i.TIM_DeInit)
    TIM_GetITStatus                          0x0800120d   Thumb Code    24  stm32f0xx_tim.o(i.TIM_GetITStatus)
    TIM_ITConfig                             0x08001225   Thumb Code    20  stm32f0xx_tim.o(i.TIM_ITConfig)
    TIM_TimeBaseInit                         0x08001239   Thumb Code    88  stm32f0xx_tim.o(i.TIM_TimeBaseInit)
    TIM_TimeBaseStructInit                   0x080012ad   Thumb Code    18  stm32f0xx_tim.o(i.TIM_TimeBaseStructInit)
    USART1_IRQHandler                        0x080012bf   Thumb Code     8  usart.o(i.USART1_IRQHandler)
    USART_ClearFlag                          0x080012c7   Thumb Code     4  stm32f0xx_usart.o(i.USART_ClearFlag)
    USART_ClearITPendingBit                  0x080012cb   Thumb Code    10  stm32f0xx_usart.o(i.USART_ClearITPendingBit)
    USART_Cmd                                0x080012d5   Thumb Code    24  stm32f0xx_usart.o(i.USART_Cmd)
    USART_GetFlagStatus                      0x080012ed   Thumb Code    14  stm32f0xx_usart.o(i.USART_GetFlagStatus)
    USART_GetITStatus                        0x080012fb   Thumb Code    60  stm32f0xx_usart.o(i.USART_GetITStatus)
    USART_ITConfig                           0x08001337   Thumb Code    46  stm32f0xx_usart.o(i.USART_ITConfig)
    USART_Init                               0x08001365   Thumb Code   156  stm32f0xx_usart.o(i.USART_Init)
    USART_ReceiveData                        0x08001415   Thumb Code     8  stm32f0xx_usart.o(i.USART_ReceiveData)
    USART_SendData                           0x0800141d   Thumb Code     8  stm32f0xx_usart.o(i.USART_SendData)
    Usart_Configuration                      0x08001425   Thumb Code   170  usart.o(i.Usart_Configuration)
    Write_10_Handle                          0x080014dd   Thumb Code   258  modbus.o(i.Write_10_Handle)
    crc16                                    0x080015f9   Thumb Code    50  check.o(i.crc16)
    main                                     0x08001635   Thumb Code    62  main.o(i.main)
    sDelay                                   0x0800167d   Thumb Code    12  display.o(i.sDelay)
    sGetLCDState                             0x08001689   Thumb Code    88  display.o(i.sGetLCDState)
    sInitDisplay                             0x080016ed   Thumb Code   122  display.o(i.sInitDisplay)
    sUpdateLCD                               0x08001789   Thumb Code    62  display.o(i.sUpdateLCD)
    sWriteLCDAdr                             0x080017d1   Thumb Code    24  display.o(i.sWriteLCDAdr)
    sWriteLCDData                            0x080017e9   Thumb Code    90  display.o(i.sWriteLCDData)
    sWriteScreenBuf                          0x08001849   Thumb Code    42  display.o(i.sWriteScreenBuf)
    g_astrParamCfgTblAttr                    0x08001878   Data         336  iap_data.o(.constdata)
    lubLCMINTable                            0x080019c8   Data           4  display.o(.constdata)
    lubLCDAdr                                0x080019cc   Data           4  display.o(.constdata)
    Region$$Table$$Base                      0x080019d0   Number         0  anon$$obj.o(Region$$Table)
    Region$$Table$$Limit                     0x080019f0   Number         0  anon$$obj.o(Region$$Table)
    pIapFun                                  0x20000000   Data           4  jump_to_app.o(.data)
    Iap_Update_Req_Flag                      0x20000004   Data           1  iap_data.o(.data)
    Flash_Erase_Flag                         0x20000005   Data           1  iap_data.o(.data)
    Iap_Enable_Flag                          0x20000006   Data           1  iap_data.o(.data)
    Iap_Start_Flag                           0x20000007   Data           1  iap_data.o(.data)
    Iap_Password_Flag                        0x20000008   Data           1  iap_data.o(.data)
    Iap_File_Info_Flag                       0x20000009   Data           1  iap_data.o(.data)
    Iap_Update_Flag                          0x2000000a   Data           1  iap_data.o(.data)
    Flash_Boot_To_App                        0x2000000b   Data           1  iap_data.o(.data)
    PKG_Length                               0x2000000e   Data           2  iap_data.o(.data)
    PKG_Sum                                  0x20000010   Data           2  iap_data.o(.data)
    PKG_Cnt                                  0x20000012   Data           2  iap_data.o(.data)
    IAP_Status                               0x20000016   Data           2  iap_data.o(.data)
    IAP_Fault                                0x20000018   Data           2  iap_data.o(.data)
    IAP_Com                                  0x2000001a   Data           2  iap_data.o(.data)
    IAP_Enable                               0x2000001c   Data           4  iap_data.o(.data)
    IAP_Password                             0x20000020   Data           8  iap_data.o(.data)
    IAP_Baud                                 0x20000028   Data           2  iap_data.o(.data)
    MCU_Model                                0x2000002a   Data           2  iap_data.o(.data)
    File_Check_Val                           0x2000002c   Data           4  iap_data.o(.data)
    File_Length                              0x20000030   Data           4  iap_data.o(.data)
    Reserved                                 0x20000034   Data           2  iap_data.o(.data)
    Receive_Finish_Flag                      0x20000036   Data           1  modbus.o(.data)
    Receiving_Flag                           0x20000037   Data           1  modbus.o(.data)
    Crc_Error_Flag                           0x20000038   Data           1  modbus.o(.data)
    Code_Update_Flag                         0x20000039   Data           1  modbus.o(.data)
    Receive_Len                              0x2000003a   Data           2  modbus.o(.data)
    Send_Len                                 0x2000003c   Data           2  modbus.o(.data)
    Cnt_1ms                                  0x20000040   Data           4  timer.o(.data)
    Cnt_1ms_T                                0x20000044   Data           4  timer.o(.data)
    Cnt_1MS_tt                               0x20000048   Data           4  timer.o(.data)
    Software_Version                         0x2000005c   Data          32  iap_data.o(.bss)
    Receive_BUF                              0x2000007c   Data         280  modbus.o(.bss)
    Send_BUF                                 0x20000194   Data          50  modbus.o(.bss)
    PusData_BUF                              0x200001c6   Data         100  modbus.o(.bss)
    Code_BUF                                 0x2000022a   Data         280  modbus.o(.bss)
    lubScreenBuf                             0x20000342   Data          80  display.o(.bss)
    __libspace_start                         0x20000394   Data          96  libspace.o(.bss)
    __temporary_stack_top$libspace           0x200003f4   Data           0  libspace.o(.bss)



==============================================================================

Memory Map of the image

  Image Entry point : 0x080000c1

  Load Region LR_IROM1 (Base: 0x08000000, Size: 0x00001a4c, Max: 0x00020000, ABSOLUTE)

    Execution Region ER_IROM1 (Exec base: 0x08000000, Load base: 0x08000000, Size: 0x000019f0, Max: 0x00020000, ABSOLUTE)

    Exec Addr    Load Addr    Size         Type   Attr      Idx    E Section Name        Object

    0x08000000   0x08000000   0x000000c0   Data   RO          466    RESET               startup_stm32f070xb.o
    0x080000c0   0x080000c0   0x00000008   Code   RO         2068  * !!!main             c_p.l(__main.o)
    0x080000c8   0x080000c8   0x0000003c   Code   RO         2236    !!!scatter          c_p.l(__scatter.o)
    0x08000104   0x08000104   0x0000001a   Code   RO         2238    !!handler_copy      c_p.l(__scatter_copy.o)
    0x0800011e   0x0800011e   0x00000002   PAD
    0x08000120   0x08000120   0x0000001c   Code   RO         2240    !!handler_zi        c_p.l(__scatter_zi.o)
    0x0800013c   0x0800013c   0x00000002   Code   RO         2106    .ARM.Collect$$libinit$$00000000  c_p.l(libinit.o)
    0x0800013e   0x0800013e   0x00000000   Code   RO         2120    .ARM.Collect$$libinit$$00000002  c_p.l(libinit2.o)
    0x0800013e   0x0800013e   0x00000000   Code   RO         2122    .ARM.Collect$$libinit$$00000004  c_p.l(libinit2.o)
    0x0800013e   0x0800013e   0x00000000   Code   RO         2125    .ARM.Collect$$libinit$$0000000A  c_p.l(libinit2.o)
    0x0800013e   0x0800013e   0x00000000   Code   RO         2127    .ARM.Collect$$libinit$$0000000C  c_p.l(libinit2.o)
    0x0800013e   0x0800013e   0x00000000   Code   RO         2129    .ARM.Collect$$libinit$$0000000E  c_p.l(libinit2.o)
    0x0800013e   0x0800013e   0x00000000   Code   RO         2132    .ARM.Collect$$libinit$$00000011  c_p.l(libinit2.o)
    0x0800013e   0x0800013e   0x00000000   Code   RO         2134    .ARM.Collect$$libinit$$00000013  c_p.l(libinit2.o)
    0x0800013e   0x0800013e   0x00000000   Code   RO         2136    .ARM.Collect$$libinit$$00000015  c_p.l(libinit2.o)
    0x0800013e   0x0800013e   0x00000000   Code   RO         2138    .ARM.Collect$$libinit$$00000017  c_p.l(libinit2.o)
    0x0800013e   0x0800013e   0x00000000   Code   RO         2140    .ARM.Collect$$libinit$$00000019  c_p.l(libinit2.o)
    0x0800013e   0x0800013e   0x00000000   Code   RO         2142    .ARM.Collect$$libinit$$0000001B  c_p.l(libinit2.o)
    0x0800013e   0x0800013e   0x00000000   Code   RO         2144    .ARM.Collect$$libinit$$0000001D  c_p.l(libinit2.o)
    0x0800013e   0x0800013e   0x00000000   Code   RO         2146    .ARM.Collect$$libinit$$0000001F  c_p.l(libinit2.o)
    0x0800013e   0x0800013e   0x00000000   Code   RO         2148    .ARM.Collect$$libinit$$00000021  c_p.l(libinit2.o)
    0x0800013e   0x0800013e   0x00000000   Code   RO         2150    .ARM.Collect$$libinit$$00000023  c_p.l(libinit2.o)
    0x0800013e   0x0800013e   0x00000000   Code   RO         2152    .ARM.Collect$$libinit$$00000025  c_p.l(libinit2.o)
    0x0800013e   0x0800013e   0x00000000   Code   RO         2156    .ARM.Collect$$libinit$$0000002C  c_p.l(libinit2.o)
    0x0800013e   0x0800013e   0x00000000   Code   RO         2158    .ARM.Collect$$libinit$$0000002E  c_p.l(libinit2.o)
    0x0800013e   0x0800013e   0x00000000   Code   RO         2160    .ARM.Collect$$libinit$$00000030  c_p.l(libinit2.o)
    0x0800013e   0x0800013e   0x00000000   Code   RO         2162    .ARM.Collect$$libinit$$00000032  c_p.l(libinit2.o)
    0x0800013e   0x0800013e   0x00000002   Code   RO         2163    .ARM.Collect$$libinit$$00000033  c_p.l(libinit2.o)
    0x08000140   0x08000140   0x00000002   Code   RO         2194    .ARM.Collect$$libshutdown$$00000000  c_p.l(libshutdown.o)
    0x08000142   0x08000142   0x00000000   Code   RO         2221    .ARM.Collect$$libshutdown$$00000003  c_p.l(libshutdown2.o)
    0x08000142   0x08000142   0x00000000   Code   RO         2224    .ARM.Collect$$libshutdown$$00000006  c_p.l(libshutdown2.o)
    0x08000142   0x08000142   0x00000000   Code   RO         2227    .ARM.Collect$$libshutdown$$00000009  c_p.l(libshutdown2.o)
    0x08000142   0x08000142   0x00000000   Code   RO         2229    .ARM.Collect$$libshutdown$$0000000B  c_p.l(libshutdown2.o)
    0x08000142   0x08000142   0x00000000   Code   RO         2232    .ARM.Collect$$libshutdown$$0000000E  c_p.l(libshutdown2.o)
    0x08000142   0x08000142   0x00000002   Code   RO         2233    .ARM.Collect$$libshutdown$$0000000F  c_p.l(libshutdown2.o)
    0x08000144   0x08000144   0x00000000   Code   RO         2070    .ARM.Collect$$rtentry$$00000000  c_p.l(__rtentry.o)
    0x08000144   0x08000144   0x00000000   Code   RO         2076    .ARM.Collect$$rtentry$$00000002  c_p.l(__rtentry2.o)
    0x08000144   0x08000144   0x00000006   Code   RO         2088    .ARM.Collect$$rtentry$$00000004  c_p.l(__rtentry4.o)
    0x0800014a   0x0800014a   0x00000000   Code   RO         2078    .ARM.Collect$$rtentry$$00000009  c_p.l(__rtentry2.o)
    0x0800014a   0x0800014a   0x00000004   Code   RO         2079    .ARM.Collect$$rtentry$$0000000A  c_p.l(__rtentry2.o)
    0x0800014e   0x0800014e   0x00000000   Code   RO         2081    .ARM.Collect$$rtentry$$0000000C  c_p.l(__rtentry2.o)
    0x0800014e   0x0800014e   0x00000008   Code   RO         2082    .ARM.Collect$$rtentry$$0000000D  c_p.l(__rtentry2.o)
    0x08000156   0x08000156   0x00000002   Code   RO         2111    .ARM.Collect$$rtexit$$00000000  c_p.l(rtexit.o)
    0x08000158   0x08000158   0x00000000   Code   RO         2167    .ARM.Collect$$rtexit$$00000002  c_p.l(rtexit2.o)
    0x08000158   0x08000158   0x00000004   Code   RO         2168    .ARM.Collect$$rtexit$$00000003  c_p.l(rtexit2.o)
    0x0800015c   0x0800015c   0x00000006   Code   RO         2169    .ARM.Collect$$rtexit$$00000004  c_p.l(rtexit2.o)
    0x08000162   0x08000162   0x00000002   PAD
    0x08000164   0x08000164   0x00000038   Code   RO         2058    .emb_text           c_p.l(rt_memcpy.o)
    0x0800019c   0x0800019c   0x00000004   Code   RO          123    .rev16_text         flash.o
    0x080001a0   0x080001a0   0x00000004   Code   RO          275    .rev16_text         modbus.o
    0x080001a4   0x080001a4   0x00000038   Code   RO          467    .text               startup_stm32f070xb.o
    0x080001dc   0x080001dc   0x00000082   Code   RO         2059    .text               c_p.l(rt_memcpy.o)
    0x0800025e   0x0800025e   0x0000015a   Code   RO         2062    .text               c_p.l(aeabi_sdiv.o)
    0x080003b8   0x080003b8   0x00000006   Code   RO         2066    .text               c_p.l(heapauxi.o)
    0x080003be   0x080003be   0x0000003e   Code   RO         2092    .text               c_p.l(sys_stackheap_outer.o)
    0x080003fc   0x080003fc   0x0000000c   Code   RO         2095    .text               c_p.l(exit.o)
    0x08000408   0x08000408   0x00000008   Code   RO         2107    .text               c_p.l(libspace.o)
    0x08000410   0x08000410   0x0000000c   Code   RO         2164    .text               c_p.l(sys_exit.o)
    0x0800041c   0x0800041c   0x00000002   Code   RO         2183    .text               c_p.l(use_no_semi.o)
    0x0800041e   0x0800041e   0x00000000   Code   RO         2185    .text               c_p.l(indicate_semi.o)
    0x0800041e   0x0800041e   0x00000002   PAD
    0x08000420   0x08000420   0x00000040   Code   RO          440    i.CFG_LoadParam     config.o
    0x08000460   0x08000460   0x00000040   Code   RO          441    i.CFG_ParamCfg      config.o
    0x080004a0   0x080004a0   0x0000000c   Code   RO         1752    i.FLASH_ClearFlag   stm32f0xx_flash.o
    0x080004ac   0x080004ac   0x00000038   Code   RO         1754    i.FLASH_ErasePage   stm32f0xx_flash.o
    0x080004e4   0x080004e4   0x00000028   Code   RO         1757    i.FLASH_GetStatus   stm32f0xx_flash.o
    0x0800050c   0x0800050c   0x00000010   Code   RO         1759    i.FLASH_Lock        stm32f0xx_flash.o
    0x0800051c   0x0800051c   0x00000058   Code   RO         1779    i.FLASH_ProgramWord  stm32f0xx_flash.o
    0x08000574   0x08000574   0x00000020   Code   RO         1781    i.FLASH_Unlock      stm32f0xx_flash.o
    0x08000594   0x08000594   0x00000020   Code   RO         1782    i.FLASH_WaitForLastOperation  stm32f0xx_flash.o
    0x080005b4   0x080005b4   0x00000034   Code   RO          125    i.Flash_Erase       flash.o
    0x080005e8   0x080005e8   0x00000094   Code   RO          126    i.Flash_Update      flash.o
    0x0800067c   0x0800067c   0x00000094   Code   RO          328    i.GPIO_Configuration  gpio.o
    0x08000710   0x08000710   0x00000070   Code   RO         1661    i.GPIO_Init         stm32f0xx_gpio.o
    0x08000780   0x08000780   0x00000020   Code   RO         1662    i.GPIO_PinAFConfig  stm32f0xx_gpio.o
    0x080007a0   0x080007a0   0x00000004   Code   RO         1664    i.GPIO_ReadInputData  stm32f0xx_gpio.o
    0x080007a4   0x080007a4   0x00000004   Code   RO         1668    i.GPIO_ResetBits    stm32f0xx_gpio.o
    0x080007a8   0x080007a8   0x00000004   Code   RO         1669    i.GPIO_SetBits      stm32f0xx_gpio.o
    0x080007ac   0x080007ac   0x0000009c   Code   RO          223    i.Iap_Status_Check  iap_data.o
    0x08000848   0x08000848   0x00000188   Code   RO          224    i.Iap_Update        iap_data.o
    0x080009d0   0x080009d0   0x00000030   Code   RO          177    i.Jump              jump_to_app.o
    0x08000a00   0x08000a00   0x0000012c   Code   RO          277    i.MODBUS_Parsing    modbus.o
    0x08000b2c   0x08000b2c   0x00000078   Code   RO          278    i.MODBUS_USART1_IRQHandler  modbus.o
    0x08000ba4   0x08000ba4   0x00000040   Code   RO          279    i.MODBUS_USARTSend  modbus.o
    0x08000be4   0x08000be4   0x00000050   Code   RO         1952    i.NVIC_Init         stm32f0xx_misc.o
    0x08000c34   0x08000c34   0x00000018   Code   RO          225    i.NVIC_SystemReset  iap_data.o
    0x08000c4c   0x08000c4c   0x0000001c   Code   RO          474    i.RCC_AHBPeriphClockCmd  stm32f0xx_rcc.o
    0x08000c68   0x08000c68   0x0000001c   Code   RO          477    i.RCC_APB1PeriphResetCmd  stm32f0xx_rcc.o
    0x08000c84   0x08000c84   0x0000001c   Code   RO          478    i.RCC_APB2PeriphClockCmd  stm32f0xx_rcc.o
    0x08000ca0   0x08000ca0   0x0000001c   Code   RO          479    i.RCC_APB2PeriphResetCmd  stm32f0xx_rcc.o
    0x08000cbc   0x08000cbc   0x00000194   Code   RO          488    i.RCC_GetClocksFreq  stm32f0xx_rcc.o
    0x08000e50   0x08000e50   0x000000cc   Code   RO          280    i.Read_03_Handle    modbus.o
    0x08000f1c   0x08000f1c   0x0000009c   Code   RO         1617    i.SetSysClock       system_stm32f0xx.o
    0x08000fb8   0x08000fb8   0x00000060   Code   RO         1619    i.SystemInit        system_stm32f0xx.o
    0x08001018   0x08001018   0x00000060   Code   RO          348    i.TIM16_Configuration  timer.o
    0x08001078   0x08001078   0x00000068   Code   RO          349    i.TIM16_IRQHandler  timer.o
    0x080010e0   0x080010e0   0x00000006   Code   RO         1059    i.TIM_ClearFlag     stm32f0xx_tim.o
    0x080010e6   0x080010e6   0x00000006   Code   RO         1060    i.TIM_ClearITPendingBit  stm32f0xx_tim.o
    0x080010ec   0x080010ec   0x00000018   Code   RO         1065    i.TIM_Cmd           stm32f0xx_tim.o
    0x08001104   0x08001104   0x00000108   Code   RO         1070    i.TIM_DeInit        stm32f0xx_tim.o
    0x0800120c   0x0800120c   0x00000018   Code   RO         1086    i.TIM_GetITStatus   stm32f0xx_tim.o
    0x08001224   0x08001224   0x00000014   Code   RO         1090    i.TIM_ITConfig      stm32f0xx_tim.o
    0x08001238   0x08001238   0x00000074   Code   RO         1138    i.TIM_TimeBaseInit  stm32f0xx_tim.o
    0x080012ac   0x080012ac   0x00000012   Code   RO         1139    i.TIM_TimeBaseStructInit  stm32f0xx_tim.o
    0x080012be   0x080012be   0x00000008   Code   RO          151    i.USART1_IRQHandler  usart.o
    0x080012c6   0x080012c6   0x00000004   Code   RO          744    i.USART_ClearFlag   stm32f0xx_usart.o
    0x080012ca   0x080012ca   0x0000000a   Code   RO          745    i.USART_ClearITPendingBit  stm32f0xx_usart.o
    0x080012d4   0x080012d4   0x00000018   Code   RO          748    i.USART_Cmd         stm32f0xx_usart.o
    0x080012ec   0x080012ec   0x0000000e   Code   RO          756    i.USART_GetFlagStatus  stm32f0xx_usart.o
    0x080012fa   0x080012fa   0x0000003c   Code   RO          757    i.USART_GetITStatus  stm32f0xx_usart.o
    0x08001336   0x08001336   0x0000002e   Code   RO          759    i.USART_ITConfig    stm32f0xx_usart.o
    0x08001364   0x08001364   0x000000b0   Code   RO          760    i.USART_Init        stm32f0xx_usart.o
    0x08001414   0x08001414   0x00000008   Code   RO          772    i.USART_ReceiveData  stm32f0xx_usart.o
    0x0800141c   0x0800141c   0x00000008   Code   RO          777    i.USART_SendData    stm32f0xx_usart.o
    0x08001424   0x08001424   0x000000b8   Code   RO          152    i.Usart_Configuration  usart.o
    0x080014dc   0x080014dc   0x0000011c   Code   RO          281    i.Write_10_Handle   modbus.o
    0x080015f8   0x080015f8   0x0000003c   Code   RO          203    i.crc16             check.o
    0x08001634   0x08001634   0x00000048   Code   RO            3    i.main              main.o
    0x0800167c   0x0800167c   0x0000000c   Code   RO          380    i.sDelay            display.o
    0x08001688   0x08001688   0x00000064   Code   RO          381    i.sGetLCDState      display.o
    0x080016ec   0x080016ec   0x0000009c   Code   RO          382    i.sInitDisplay      display.o
    0x08001788   0x08001788   0x00000048   Code   RO          383    i.sUpdateLCD        display.o
    0x080017d0   0x080017d0   0x00000018   Code   RO          384    i.sWriteLCDAdr      display.o
    0x080017e8   0x080017e8   0x00000060   Code   RO          385    i.sWriteLCDData     display.o
    0x08001848   0x08001848   0x00000030   Code   RO          386    i.sWriteScreenBuf   display.o
    0x08001878   0x08001878   0x00000150   Data   RO          227    .constdata          iap_data.o
    0x080019c8   0x080019c8   0x00000008   Data   RO          388    .constdata          display.o
    0x080019d0   0x080019d0   0x00000020   Data   RO         2234    Region$$Table       anon$$obj.o


    Execution Region RW_IRAM1 (Exec base: 0x20000000, Load base: 0x080019f0, Size: 0x000009f8, Max: 0x00004000, ABSOLUTE)

    Exec Addr    Load Addr    Size         Type   Attr      Idx    E Section Name        Object

    0x20000000   0x080019f0   0x00000004   Data   RW          178    .data               jump_to_app.o
    0x20000004   0x080019f4   0x00000024   Data   RW          228    .data               iap_data.o
    0x20000028   0x08001a18   0x00000002   Data   RW          230    .data               iap_data.o
    0x2000002a   0x08001a1a   0x00000002   Data   RW          231    .data               iap_data.o
    0x2000002c   0x08001a1c   0x00000004   Data   RW          232    .data               iap_data.o
    0x20000030   0x08001a20   0x00000004   Data   RW          233    .data               iap_data.o
    0x20000034   0x08001a24   0x00000002   Data   RW          234    .data               iap_data.o
    0x20000036   0x08001a26   0x00000008   Data   RW          283    .data               modbus.o
    0x2000003e   0x08001a2e   0x00000002   PAD
    0x20000040   0x08001a30   0x0000000c   Data   RW          350    .data               timer.o
    0x2000004c   0x08001a3c   0x00000010   Data   RW          515    .data               stm32f0xx_rcc.o
    0x2000005c        -       0x00000020   Zero   RW          226    .bss                iap_data.o
    0x2000007c        -       0x000002c6   Zero   RW          282    .bss                modbus.o
    0x20000342        -       0x00000050   Zero   RW          387    .bss                display.o
    0x20000392   0x08001a4c   0x00000002   PAD
    0x20000394        -       0x00000060   Zero   RW         2108    .bss                c_p.l(libspace.o)
    0x200003f4   0x08001a4c   0x00000004   PAD
    0x200003f8        -       0x00000200   Zero   RW          465    HEAP                startup_stm32f070xb.o
    0x200005f8        -       0x00000400   Zero   RW          464    STACK               startup_stm32f070xb.o


==============================================================================

Image component sizes


      Code (inc. data)   RO Data    RW Data    ZI Data      Debug   Object Name

        60         10          0          0          0        920   check.o
       128          8          0          0          0       1675   config.o
       508         68          8          0         80       4380   display.o
       204         18          0          0          0       1913   flash.o
       148          8          0          0          0        549   gpio.o
       572         64        336         50         32      10622   iap_data.o
        48         12          0          4          0       2145   jump_to_app.o
        72         10          0          0          0     217159   main.o
       976         84          0          8        710       6358   modbus.o
        56         26        192          0       1536        616   startup_stm32f070xb.o
       276         40          0          0          0       4279   stm32f0xx_flash.o
       156          0          0          0          0       3216   stm32f0xx_gpio.o
        80          8          0          0          0        932   stm32f0xx_misc.o
       516         54          0         16          0       4151   stm32f0xx_rcc.o
       478         62          0          0          0       5284   stm32f0xx_tim.o
       350         20          0          0          0       6513   stm32f0xx_usart.o
       252         20          0          0          0       1405   system_stm32f0xx.o
       200         16          0         12          0       1328   timer.o
       192         14          0          0          0       1082   usart.o

    ----------------------------------------------------------------------
      5272        542        568         92       2360     274527   Object Totals
         0          0         32          0          0          0   (incl. Generated)
         0          0          0          2          2          0   (incl. Padding)

    ----------------------------------------------------------------------

      Code (inc. data)   RO Data    RW Data    ZI Data      Debug   Library Member Name

         8          0          0          0          0         68   __main.o
         0          0          0          0          0          0   __rtentry.o
        12          0          0          0          0          0   __rtentry2.o
         6          0          0          0          0          0   __rtentry4.o
        60          8          0          0          0          0   __scatter.o
        26          0          0          0          0          0   __scatter_copy.o
        28          0          0          0          0          0   __scatter_zi.o
       346          0          0          0          0         92   aeabi_sdiv.o
        12          0          0          0          0         64   exit.o
         6          0          0          0          0        136   heapauxi.o
         0          0          0          0          0          0   indicate_semi.o
         2          0          0          0          0          0   libinit.o
         2          0          0          0          0          0   libinit2.o
         2          0          0          0          0          0   libshutdown.o
         2          0          0          0          0          0   libshutdown2.o
         8          4          0          0         96         68   libspace.o
       186          0          0          0          0        144   rt_memcpy.o
         2          0          0          0          0          0   rtexit.o
        10          0          0          0          0          0   rtexit2.o
        12          4          0          0          0         60   sys_exit.o
        62          0          0          0          0         80   sys_stackheap_outer.o
         2          0          0          0          0         68   use_no_semi.o

    ----------------------------------------------------------------------
       800         16          0          0        100        780   Library Totals
         6          0          0          0          4          0   (incl. Padding)

    ----------------------------------------------------------------------

      Code (inc. data)   RO Data    RW Data    ZI Data      Debug   Library Name

       794         16          0          0         96        780   c_p.l

    ----------------------------------------------------------------------
       800         16          0          0        100        780   Library Totals

    ----------------------------------------------------------------------

==============================================================================


      Code (inc. data)   RO Data    RW Data    ZI Data      Debug   

      6072        558        568         92       2460     272279   Grand Totals
      6072        558        568         92       2460     272279   ELF Image Totals
      6072        558        568         92          0          0   ROM Totals

==============================================================================

    Total RO  Size (Code + RO Data)                 6640 (   6.48kB)
    Total RW  Size (RW Data + ZI Data)              2552 (   2.49kB)
    Total ROM Size (Code + RO Data + RW Data)       6732 (   6.57kB)

==============================================================================

